Archive member included to satisfy reference by file (symbol)

c:/st/stm32cubeide_1.0.2/stm32cubeide/plugins/com.st.stm32cube.ide.mcu.externaltools.gnu-tools-for-stm32.7-2018-q2-update.win32_1.0.0.201904181610/tools/bin/../lib/gcc/arm-none-eabi/7.3.1/../../../../arm-none-eabi/lib/thumb/v7e-m/fpv4-sp/hard\libc_nano.a(lib_a-errno.o)
                              Src/syscalls.o (__errno)
c:/st/stm32cubeide_1.0.2/stm32cubeide/plugins/com.st.stm32cube.ide.mcu.externaltools.gnu-tools-for-stm32.7-2018-q2-update.win32_1.0.0.201904181610/tools/bin/../lib/gcc/arm-none-eabi/7.3.1/../../../../arm-none-eabi/lib/thumb/v7e-m/fpv4-sp/hard\libc_nano.a(lib_a-exit.o)
                              c:/st/stm32cubeide_1.0.2/stm32cubeide/plugins/com.st.stm32cube.ide.mcu.externaltools.gnu-tools-for-stm32.7-2018-q2-update.win32_1.0.0.201904181610/tools/bin/../lib/gcc/arm-none-eabi/7.3.1/../../../../arm-none-eabi/lib/thumb/v7e-m/fpv4-sp/hard/crt0.o (exit)
c:/st/stm32cubeide_1.0.2/stm32cubeide/plugins/com.st.stm32cube.ide.mcu.externaltools.gnu-tools-for-stm32.7-2018-q2-update.win32_1.0.0.201904181610/tools/bin/../lib/gcc/arm-none-eabi/7.3.1/../../../../arm-none-eabi/lib/thumb/v7e-m/fpv4-sp/hard\libc_nano.a(lib_a-impure.o)
                              c:/st/stm32cubeide_1.0.2/stm32cubeide/plugins/com.st.stm32cube.ide.mcu.externaltools.gnu-tools-for-stm32.7-2018-q2-update.win32_1.0.0.201904181610/tools/bin/../lib/gcc/arm-none-eabi/7.3.1/../../../../arm-none-eabi/lib/thumb/v7e-m/fpv4-sp/hard\libc_nano.a(lib_a-exit.o) (_global_impure_ptr)
c:/st/stm32cubeide_1.0.2/stm32cubeide/plugins/com.st.stm32cube.ide.mcu.externaltools.gnu-tools-for-stm32.7-2018-q2-update.win32_1.0.0.201904181610/tools/bin/../lib/gcc/arm-none-eabi/7.3.1/../../../../arm-none-eabi/lib/thumb/v7e-m/fpv4-sp/hard\libc_nano.a(lib_a-init.o)
                              c:/st/stm32cubeide_1.0.2/stm32cubeide/plugins/com.st.stm32cube.ide.mcu.externaltools.gnu-tools-for-stm32.7-2018-q2-update.win32_1.0.0.201904181610/tools/bin/../lib/gcc/arm-none-eabi/7.3.1/../../../../arm-none-eabi/lib/thumb/v7e-m/fpv4-sp/hard/crt0.o (__libc_init_array)
c:/st/stm32cubeide_1.0.2/stm32cubeide/plugins/com.st.stm32cube.ide.mcu.externaltools.gnu-tools-for-stm32.7-2018-q2-update.win32_1.0.0.201904181610/tools/bin/../lib/gcc/arm-none-eabi/7.3.1/../../../../arm-none-eabi/lib/thumb/v7e-m/fpv4-sp/hard\libc_nano.a(lib_a-memcmp.o)
                              Src/mylcd.o (memcmp)
c:/st/stm32cubeide_1.0.2/stm32cubeide/plugins/com.st.stm32cube.ide.mcu.externaltools.gnu-tools-for-stm32.7-2018-q2-update.win32_1.0.0.201904181610/tools/bin/../lib/gcc/arm-none-eabi/7.3.1/../../../../arm-none-eabi/lib/thumb/v7e-m/fpv4-sp/hard\libc_nano.a(lib_a-memcpy-stub.o)
                              Middlewares/Third_Party/FreeRTOS/Source/queue.o (memcpy)
c:/st/stm32cubeide_1.0.2/stm32cubeide/plugins/com.st.stm32cube.ide.mcu.externaltools.gnu-tools-for-stm32.7-2018-q2-update.win32_1.0.0.201904181610/tools/bin/../lib/gcc/arm-none-eabi/7.3.1/../../../../arm-none-eabi/lib/thumb/v7e-m/fpv4-sp/hard\libc_nano.a(lib_a-memset.o)
                              c:/st/stm32cubeide_1.0.2/stm32cubeide/plugins/com.st.stm32cube.ide.mcu.externaltools.gnu-tools-for-stm32.7-2018-q2-update.win32_1.0.0.201904181610/tools/bin/../lib/gcc/arm-none-eabi/7.3.1/../../../../arm-none-eabi/lib/thumb/v7e-m/fpv4-sp/hard/crt0.o (memset)
c:/st/stm32cubeide_1.0.2/stm32cubeide/plugins/com.st.stm32cube.ide.mcu.externaltools.gnu-tools-for-stm32.7-2018-q2-update.win32_1.0.0.201904181610/tools/bin/../lib/gcc/arm-none-eabi/7.3.1/../../../../arm-none-eabi/lib/thumb/v7e-m/fpv4-sp/hard\libc_nano.a(lib_a-sprintf.o)
                              Src/mylcd.o (sprintf)
c:/st/stm32cubeide_1.0.2/stm32cubeide/plugins/com.st.stm32cube.ide.mcu.externaltools.gnu-tools-for-stm32.7-2018-q2-update.win32_1.0.0.201904181610/tools/bin/../lib/gcc/arm-none-eabi/7.3.1/../../../../arm-none-eabi/lib/thumb/v7e-m/fpv4-sp/hard\libc_nano.a(lib_a-nano-svfprintf.o)
                              c:/st/stm32cubeide_1.0.2/stm32cubeide/plugins/com.st.stm32cube.ide.mcu.externaltools.gnu-tools-for-stm32.7-2018-q2-update.win32_1.0.0.201904181610/tools/bin/../lib/gcc/arm-none-eabi/7.3.1/../../../../arm-none-eabi/lib/thumb/v7e-m/fpv4-sp/hard\libc_nano.a(lib_a-sprintf.o) (_svfprintf_r)
c:/st/stm32cubeide_1.0.2/stm32cubeide/plugins/com.st.stm32cube.ide.mcu.externaltools.gnu-tools-for-stm32.7-2018-q2-update.win32_1.0.0.201904181610/tools/bin/../lib/gcc/arm-none-eabi/7.3.1/../../../../arm-none-eabi/lib/thumb/v7e-m/fpv4-sp/hard\libc_nano.a(lib_a-nano-vfprintf_i.o)
                              c:/st/stm32cubeide_1.0.2/stm32cubeide/plugins/com.st.stm32cube.ide.mcu.externaltools.gnu-tools-for-stm32.7-2018-q2-update.win32_1.0.0.201904181610/tools/bin/../lib/gcc/arm-none-eabi/7.3.1/../../../../arm-none-eabi/lib/thumb/v7e-m/fpv4-sp/hard\libc_nano.a(lib_a-nano-svfprintf.o) (_printf_i)
[...]
Memory Configuration

Name             Origin             Length             Attributes
CCMRAM           0x0000000010000000 0x0000000000010000 xrw
RAM              0x0000000020000000 0x0000000000020000 xrw
FLASH            0x0000000008000000 0x0000000000080000 xr
*default*        0x0000000000000000 0xffffffffffffffff

Linker script and memory map

LOAD c:/st/stm32cubeide_1.0.2/stm32cubeide/plugins/com.st.stm32cube.ide.mcu.externaltools.gnu-tools-for-stm32.7-2018-q2-update.win32_1.0.0.201904181610/tools/bin/../lib/gcc/arm-none-eabi/7.3.1/thumb/v7e-m/fpv4-sp/hard/crti.o
LOAD c:/st/stm32cubeide_1.0.2/stm32cubeide/plugins/com.st.stm32cube.ide.mcu.externaltools.gnu-tools-for-stm32.7-2018-q2-update.win32_1.0.0.201904181610/tools/bin/../lib/gcc/arm-none-eabi/7.3.1/thumb/v7e-m/fpv4-sp/hard/crtbegin.o
LOAD c:/st/stm32cubeide_1.0.2/stm32cubeide/plugins/com.st.stm32cube.ide.mcu.externaltools.gnu-tools-for-stm32.7-2018-q2-update.win32_1.0.0.201904181610/tools/bin/../lib/gcc/arm-none-eabi/7.3.1/../../../../arm-none-eabi/lib/thumb/v7e-m/fpv4-sp/hard/crt0.o
LOAD Drivers/STM32F4xx_HAL_Driver/Src/stm32f4xx_hal.o
LOAD Drivers/STM32F4xx_HAL_Driver/Src/stm32f4xx_hal_can.o
LOAD Drivers/STM32F4xx_HAL_Driver/Src/stm32f4xx_hal_cortex.o
LOAD Drivers/STM32F4xx_HAL_Driver/Src/stm32f4xx_hal_dma.o
LOAD Drivers/STM32F4xx_HAL_Driver/Src/stm32f4xx_hal_dma_ex.o
LOAD Drivers/STM32F4xx_HAL_Driver/Src/stm32f4xx_hal_exti.o
LOAD Drivers/STM32F4xx_HAL_Driver/Src/stm32f4xx_hal_flash.o
LOAD Drivers/STM32F4xx_HAL_Driver/Src/stm32f4xx_hal_flash_ex.o
LOAD Drivers/STM32F4xx_HAL_Driver/Src/stm32f4xx_hal_flash_ramfunc.o
LOAD Drivers/STM32F4xx_HAL_Driver/Src/stm32f4xx_hal_gpio.o
LOAD Drivers/STM32F4xx_HAL_Driver/Src/stm32f4xx_hal_pwr.o
LOAD Drivers/STM32F4xx_HAL_Driver/Src/stm32f4xx_hal_pwr_ex.o
LOAD Drivers/STM32F4xx_HAL_Driver/Src/stm32f4xx_hal_rcc.o
LOAD Drivers/STM32F4xx_HAL_Driver/Src/stm32f4xx_hal_rcc_ex.o
LOAD Drivers/STM32F4xx_HAL_Driver/Src/stm32f4xx_hal_sd.o
LOAD Drivers/STM32F4xx_HAL_Driver/Src/stm32f4xx_hal_spi.o
LOAD Drivers/STM32F4xx_HAL_Driver/Src/stm32f4xx_hal_sram.o
LOAD Drivers/STM32F4xx_HAL_Driver/Src/stm32f4xx_hal_tim.o
LOAD Drivers/STM32F4xx_HAL_Driver/Src/stm32f4xx_hal_tim_ex.o
LOAD Drivers/STM32F4xx_HAL_Driver/Src/stm32f4xx_hal_uart.o
LOAD Drivers/STM32F4xx_HAL_Driver/Src/stm32f4xx_ll_fsmc.o
LOAD Drivers/STM32F4xx_HAL_Driver/Src/stm32f4xx_ll_sdmmc.o
LOAD Middlewares/Third_Party/FatFs/src/diskio.o
LOAD Middlewares/Third_Party/FatFs/src/ff.o
LOAD Middlewares/Third_Party/FatFs/src/ff_gen_drv.o
LOAD Middlewares/Third_Party/FatFs/src/option/syscall.o
LOAD Middlewares/Third_Party/FreeRTOS/Source/CMSIS_RTOS/cmsis_os.o
LOAD Middlewares/Third_Party/FreeRTOS/Source/croutine.o
LOAD Middlewares/Third_Party/FreeRTOS/Source/event_groups.o
LOAD Middlewares/Third_Party/FreeRTOS/Source/list.o
LOAD Middlewares/Third_Party/FreeRTOS/Source/queue.o
LOAD Middlewares/Third_Party/FreeRTOS/Source/stream_buffer.o
LOAD Middlewares/Third_Party/FreeRTOS/Source/tasks.o
LOAD Middlewares/Third_Party/FreeRTOS/Source/timers.o
LOAD Middlewares/Third_Party/FreeRTOS/Source/portable/GCC/ARM_CM4F/port.o
LOAD Middlewares/Third_Party/FreeRTOS/Source/portable/MemMang/heap_4.o
LOAD Src/485.o
LOAD Src/DS1302.o
LOAD Src/bsp_driver_sd.o
LOAD Src/fatfs.o
LOAD Src/freertos.o
LOAD Src/lcdImage.o
LOAD Src/led.o
LOAD Src/main.o
LOAD Src/myButton.o
LOAD Src/mylcd.o
LOAD Src/record.o
LOAD Src/sd_diskio.o
LOAD Src/stm32f4xx_hal_msp.o
LOAD Src/stm32f4xx_it.o
LOAD Src/syscalls.o
LOAD Src/sysmem.o
LOAD Src/system_stm32f4xx.o
LOAD Src/wordLib.o
LOAD Startup/startup_stm32f407vetx.o
START GROUP
LOAD c:/st/stm32cubeide_1.0.2/stm32cubeide/plugins/com.st.stm32cube.ide.mcu.externaltools.gnu-tools-for-stm32.7-2018-q2-update.win32_1.0.0.201904181610/tools/bin/../lib/gcc/arm-none-eabi/7.3.1/../../../../arm-none-eabi/lib/thumb/v7e-m/fpv4-sp/hard\libc_nano.a
LOAD c:/st/stm32cubeide_1.0.2/stm32cubeide/plugins/com.st.stm32cube.ide.mcu.externaltools.gnu-tools-for-stm32.7-2018-q2-update.win32_1.0.0.201904181610/tools/bin/../lib/gcc/arm-none-eabi/7.3.1/../../../../arm-none-eabi/lib/thumb/v7e-m/fpv4-sp/hard\libm.a
END GROUP
START GROUP
LOAD c:/st/stm32cubeide_1.0.2/stm32cubeide/plugins/com.st.stm32cube.ide.mcu.externaltools.gnu-tools-for-stm32.7-2018-q2-update.win32_1.0.0.201904181610/tools/bin/../lib/gcc/arm-none-eabi/7.3.1/thumb/v7e-m/fpv4-sp/hard\libgcc.a
LOAD c:/st/stm32cubeide_1.0.2/stm32cubeide/plugins/com.st.stm32cube.ide.mcu.externaltools.gnu-tools-for-stm32.7-2018-q2-update.win32_1.0.0.201904181610/tools/bin/../lib/gcc/arm-none-eabi/7.3.1/../../../../arm-none-eabi/lib/thumb/v7e-m/fpv4-sp/hard\libc_nano.a
END GROUP
START GROUP
LOAD c:/st/stm32cubeide_1.0.2/stm32cubeide/plugins/com.st.stm32cube.ide.mcu.externaltools.gnu-tools-for-stm32.7-2018-q2-update.win32_1.0.0.201904181610/tools/bin/../lib/gcc/arm-none-eabi/7.3.1/thumb/v7e-m/fpv4-sp/hard\libgcc.a
LOAD c:/st/stm32cubeide_1.0.2/stm32cubeide/plugins/com.st.stm32cube.ide.mcu.externaltools.gnu-tools-for-stm32.7-2018-q2-update.win32_1.0.0.201904181610/tools/bin/../lib/gcc/arm-none-eabi/7.3.1/../../../../arm-none-eabi/lib/thumb/v7e-m/fpv4-sp/hard\libc_nano.a
LOAD c:/st/stm32cubeide_1.0.2/stm32cubeide/plugins/com.st.stm32cube.ide.mcu.externaltools.gnu-tools-for-stm32.7-2018-q2-update.win32_1.0.0.201904181610/tools/bin/../lib/gcc/arm-none-eabi/7.3.1/../../../../arm-none-eabi/lib/thumb/v7e-m/fpv4-sp/hard\libnosys.a
END GROUP
START GROUP
LOAD c:/st/stm32cubeide_1.0.2/stm32cubeide/plugins/com.st.stm32cube.ide.mcu.externaltools.gnu-tools-for-stm32.7-2018-q2-update.win32_1.0.0.201904181610/tools/bin/../lib/gcc/arm-none-eabi/7.3.1/thumb/v7e-m/fpv4-sp/hard\libgcc.a
LOAD c:/st/stm32cubeide_1.0.2/stm32cubeide/plugins/com.st.stm32cube.ide.mcu.externaltools.gnu-tools-for-stm32.7-2018-q2-update.win32_1.0.0.201904181610/tools/bin/../lib/gcc/arm-none-eabi/7.3.1/../../../../arm-none-eabi/lib/thumb/v7e-m/fpv4-sp/hard\libc_nano.a
LOAD c:/st/stm32cubeide_1.0.2/stm32cubeide/plugins/com.st.stm32cube.ide.mcu.externaltools.gnu-tools-for-stm32.7-2018-q2-update.win32_1.0.0.201904181610/tools/bin/../lib/gcc/arm-none-eabi/7.3.1/../../../../arm-none-eabi/lib/thumb/v7e-m/fpv4-sp/hard\libnosys.a
END GROUP
LOAD c:/st/stm32cubeide_1.0.2/stm32cubeide/plugins/com.st.stm32cube.ide.mcu.externaltools.gnu-tools-for-stm32.7-2018-q2-update.win32_1.0.0.201904181610/tools/bin/../lib/gcc/arm-none-eabi/7.3.1/thumb/v7e-m/fpv4-sp/hard/crtend.o
LOAD c:/st/stm32cubeide_1.0.2/stm32cubeide/plugins/com.st.stm32cube.ide.mcu.externaltools.gnu-tools-for-stm32.7-2018-q2-update.win32_1.0.0.201904181610/tools/bin/../lib/gcc/arm-none-eabi/7.3.1/thumb/v7e-m/fpv4-sp/hard/crtn.o
                0x0000000020020000                _estack = 0x20020000
                0x0000000000000200                _Min_Heap_Size = 0x200
                0x0000000000000400                _Min_Stack_Size = 0x400

.isr_vector     0x0000000008000000      0x188
                0x0000000008000000                . = ALIGN (0x4)
 *(.isr_vector)
 .isr_vector    0x0000000008000000      0x188 Startup/startup_stm32f407vetx.o
                0x0000000008000000                g_pfnVectors
                0x0000000008000188                . = ALIGN (0x4)

.text           0x0000000008000190    0x12cbc
                0x0000000008000190                . = ALIGN (0x4)
 *(.text)
 .text          0x0000000008000190       0x40 c:/st/stm32cubeide_1.0.2/stm32cubeide/plugins/com.st.stm32cube.ide.mcu.externaltools.gnu-tools-for-stm32.7-2018-q2-update.win32_1.0.0.201904181610/tools/bin/../lib/gcc/arm-none-eabi/7.3.1/thumb/v7e-m/fpv4-sp/hard/crtbegin.o
 .text          0x00000000080001d0       0xa0 c:/st/stm32cubeide_1.0.2/stm32cubeide/plugins/com.st.stm32cube.ide.mcu.externaltools.gnu-tools-for-stm32.7-2018-q2-update.win32_1.0.0.201904181610/tools/bin/../lib/gcc/arm-none-eabi/7.3.1/../../../../arm-none-eabi/lib/thumb/v7e-m/fpv4-sp/hard\libc_nano.a(lib_a-memchr.o)
                0x00000000080001d0                memchr
 .text          0x0000000008000270       0x30 c:/st/stm32cubeide_1.0.2/stm32cubeide/plugins/com.st.stm32cube.ide.mcu.externaltools.gnu-tools-for-stm32.7-2018-q2-update.win32_1.0.0.201904181610/tools/bin/../lib/gcc/arm-none-eabi/7.3.1/thumb/v7e-m/fpv4-sp/hard\libgcc.a(_aeabi_uldivmod.o)
                0x0000000008000270                __aeabi_uldivmod
 .text          0x00000000080002a0      0x2cc c:/st/stm32cubeide_1.0.2/stm32cubeide/plugins/com.st.stm32cube.ide.mcu.externaltools.gnu-tools-for-stm32.7-2018-q2-update.win32_1.0.0.201904181610/tools/bin/../lib/gcc/arm-none-eabi/7.3.1/thumb/v7e-m/fpv4-sp/hard\libgcc.a(_udivmoddi4.o)
                0x00000000080002a0                __udivmoddi4
 .text          0x000000000800056c        0x4 c:/st/stm32cubeide_1.0.2/stm32cubeide/plugins/com.st.stm32cube.ide.mcu.externaltools.gnu-tools-for-stm32.7-2018-q2-update.win32_1.0.0.201904181610/tools/bin/../lib/gcc/arm-none-eabi/7.3.1/thumb/v7e-m/fpv4-sp/hard\libgcc.a(_dvmd_tls.o)
                0x000000000800056c                __aeabi_idiv0
                0x000000000800056c                __aeabi_ldiv0
 *(.text*)
 .text.HAL_Init
                0x0000000008000570       0x44 Drivers/STM32F4xx_HAL_Driver/Src/stm32f4xx_hal.o
                0x0000000008000570                HAL_Init
 .text.HAL_InitTick
                0x00000000080005b4       0x60 Drivers/STM32F4xx_HAL_Driver/Src/stm32f4xx_hal.o
                0x00000000080005b4                HAL_InitTick
 .text.HAL_IncTick
                0x0000000008000614       0x28 Drivers/STM32F4xx_HAL_Driver/Src/stm32f4xx_hal.o
                0x0000000008000614                HAL_IncTick
 .text.HAL_GetTick
                0x000000000800063c       0x18 Drivers/STM32F4xx_HAL_Driver/Src/stm32f4xx_hal.o
                0x000000000800063c                HAL_GetTick
 .text.HAL_Delay
                0x0000000008000654       0x44 Drivers/STM32F4xx_HAL_Driver/Src/stm32f4xx_hal.o
                0x0000000008000654                HAL_Delay
 .text.HAL_CAN_Init
                0x0000000008000698      0x28c Drivers/STM32F4xx_HAL_Driver/Src/stm32f4xx_hal_can.o
                0x0000000008000698                HAL_CAN_Init
 .text.HAL_CAN_ConfigFilter
                0x0000000008000924      0x1c0 Drivers/STM32F4xx_HAL_Driver/Src/stm32f4xx_hal_can.o
                0x0000000008000924                HAL_CAN_ConfigFilter
 .text.HAL_CAN_Start
                0x0000000008000ae4       0x88 Drivers/STM32F4xx_HAL_Driver/Src/stm32f4xx_hal_can.o
                0x0000000008000ae4                HAL_CAN_Start
 .text.HAL_CAN_AddTxMessage
                0x0000000008000b6c      0x1b6 Drivers/STM32F4xx_HAL_Driver/Src/stm32f4xx_hal_can.o
                0x0000000008000b6c                HAL_CAN_AddTxMessage
 .text.HAL_CAN_GetTxMailboxesFreeLevel
                0x0000000008000d22       0x6a Drivers/STM32F4xx_HAL_Driver/Src/stm32f4xx_hal_can.o
                0x0000000008000d22                HAL_CAN_GetTxMailboxesFreeLevel
 .text.HAL_CAN_GetRxMessage
                0x0000000008000d8c      0x226 Drivers/STM32F4xx_HAL_Driver/Src/stm32f4xx_hal_can.o
                0x0000000008000d8c                HAL_CAN_GetRxMessage
 .text.HAL_CAN_ActivateNotification
                0x0000000008000fb2       0x4c Drivers/STM32F4xx_HAL_Driver/Src/stm32f4xx_hal_can.o
                0x0000000008000fb2                HAL_CAN_ActivateNotification
 .text.HAL_CAN_IRQHandler
                0x0000000008000ffe      0x37e Drivers/STM32F4xx_HAL_Driver/Src/stm32f4xx_hal_can.o
                0x0000000008000ffe                HAL_CAN_IRQHandler
 .text.HAL_CAN_TxMailbox0CompleteCallback
                0x000000000800137c       0x14 Drivers/STM32F4xx_HAL_Driver/Src/stm32f4xx_hal_can.o
                0x000000000800137c                HAL_CAN_TxMailbox0CompleteCallback
 .text.HAL_CAN_TxMailbox1CompleteCallback
                0x0000000008001390       0x14 Drivers/STM32F4xx_HAL_Driver/Src/stm32f4xx_hal_can.o
                0x0000000008001390                HAL_CAN_TxMailbox1CompleteCallback
 .text.HAL_CAN_TxMailbox2CompleteCallback
                0x00000000080013a4       0x14 Drivers/STM32F4xx_HAL_Driver/Src/stm32f4xx_hal_can.o
                0x00000000080013a4                HAL_CAN_TxMailbox2CompleteCallback
 .text.HAL_CAN_TxMailbox0AbortCallback
                0x00000000080013b8       0x14 Drivers/STM32F4xx_HAL_Driver/Src/stm32f4xx_hal_can.o
                0x00000000080013b8                HAL_CAN_TxMailbox0AbortCallback
 .text.HAL_CAN_TxMailbox1AbortCallback
                0x00000000080013cc       0x14 Drivers/STM32F4xx_HAL_Driver/Src/stm32f4xx_hal_can.o
                0x00000000080013cc                HAL_CAN_TxMailbox1AbortCallback
 .text.HAL_CAN_TxMailbox2AbortCallback
                0x00000000080013e0       0x14 Drivers/STM32F4xx_HAL_Driver/Src/stm32f4xx_hal_can.o
                0x00000000080013e0                HAL_CAN_TxMailbox2AbortCallback
 .text.HAL_CAN_RxFifo0FullCallback
                0x00000000080013f4       0x14 Drivers/STM32F4xx_HAL_Driver/Src/stm32f4xx_hal_can.o
                0x00000000080013f4                HAL_CAN_RxFifo0FullCallback
 .text.HAL_CAN_RxFifo1MsgPendingCallback
                0x0000000008001408       0x14 Drivers/STM32F4xx_HAL_Driver/Src/stm32f4xx_hal_can.o
                0x0000000008001408                HAL_CAN_RxFifo1MsgPendingCallback
 .text.HAL_CAN_RxFifo1FullCallback
                0x000000000800141c       0x14 Drivers/STM32F4xx_HAL_Driver/Src/stm32f4xx_hal_can.o
                0x000000000800141c                HAL_CAN_RxFifo1FullCallback
 .text.HAL_CAN_SleepCallback
                0x0000000008001430       0x14 Drivers/STM32F4xx_HAL_Driver/Src/stm32f4xx_hal_can.o
                0x0000000008001430                HAL_CAN_SleepCallback
 .text.HAL_CAN_WakeUpFromRxMsgCallback
                0x0000000008001444       0x14 Drivers/STM32F4xx_HAL_Driver/Src/stm32f4xx_hal_can.o
                0x0000000008001444                HAL_CAN_WakeUpFromRxMsgCallback
 .text.HAL_CAN_ErrorCallback
                0x0000000008001458       0x14 Drivers/STM32F4xx_HAL_Driver/Src/stm32f4xx_hal_can.o
                0x0000000008001458                HAL_CAN_ErrorCallback
 .text.__NVIC_SetPriorityGrouping
                0x000000000800146c       0x48 Drivers/STM32F4xx_HAL_Driver/Src/stm32f4xx_hal_cortex.o
 .text.__NVIC_GetPriorityGrouping
                0x00000000080014b4       0x1c Drivers/STM32F4xx_HAL_Driver/Src/stm32f4xx_hal_cortex.o
 .text.__NVIC_EnableIRQ
                0x00000000080014d0       0x3c Drivers/STM32F4xx_HAL_Driver/Src/stm32f4xx_hal_cortex.o
 .text.__NVIC_SetPriority
                0x000000000800150c       0x54 Drivers/STM32F4xx_HAL_Driver/Src/stm32f4xx_hal_cortex.o
 .text.NVIC_EncodePriority
                0x0000000008001560       0x66 Drivers/STM32F4xx_HAL_Driver/Src/stm32f4xx_hal_cortex.o
 *fill*         0x00000000080015c6        0x2 
 .text.SysTick_Config
                0x00000000080015c8       0x44 Drivers/STM32F4xx_HAL_Driver/Src/stm32f4xx_hal_cortex.o
 .text.HAL_NVIC_SetPriorityGrouping
                0x000000000800160c       0x16 Drivers/STM32F4xx_HAL_Driver/Src/stm32f4xx_hal_cortex.o
                0x000000000800160c                HAL_NVIC_SetPriorityGrouping
 .text.HAL_NVIC_SetPriority
                0x0000000008001622       0x38 Drivers/STM32F4xx_HAL_Driver/Src/stm32f4xx_hal_cortex.o
                0x0000000008001622                HAL_NVIC_SetPriority
 .text.HAL_NVIC_EnableIRQ
                0x000000000800165a       0x1c Drivers/STM32F4xx_HAL_Driver/Src/stm32f4xx_hal_cortex.o
                0x000000000800165a                HAL_NVIC_EnableIRQ
 .text.HAL_SYSTICK_Config
                0x0000000008001676       0x18 Drivers/STM32F4xx_HAL_Driver/Src/stm32f4xx_hal_cortex.o
                0x0000000008001676                HAL_SYSTICK_Config
 *fill*         0x000000000800168e        0x2 
 .text.HAL_DMA_Init
                0x0000000008001690      0x15c Drivers/STM32F4xx_HAL_Driver/Src/stm32f4xx_hal_dma.o
                0x0000000008001690                HAL_DMA_Init
 .text.HAL_DMA_Start_IT
                0x00000000080017ec       0xc0 Drivers/STM32F4xx_HAL_Driver/Src/stm32f4xx_hal_dma.o
                0x00000000080017ec                HAL_DMA_Start_IT
 .text.HAL_DMA_Abort_IT
                0x00000000080018ac       0x44 Drivers/STM32F4xx_HAL_Driver/Src/stm32f4xx_hal_dma.o
                0x00000000080018ac                HAL_DMA_Abort_IT
 .text.HAL_DMA_IRQHandler
                0x00000000080018f0      0x314 Drivers/STM32F4xx_HAL_Driver/Src/stm32f4xx_hal_dma.o
                0x00000000080018f0                HAL_DMA_IRQHandler
 .text.DMA_SetConfig
                0x0000000008001c04       0x5c Drivers/STM32F4xx_HAL_Driver/Src/stm32f4xx_hal_dma.o
 .text.DMA_CalcBaseAndBitshift
                0x0000000008001c60       0x6c Drivers/STM32F4xx_HAL_Driver/Src/stm32f4xx_hal_dma.o
 .text.DMA_CheckFifoParam
                0x0000000008001ccc       0xf4 Drivers/STM32F4xx_HAL_Driver/Src/stm32f4xx_hal_dma.o
 .text.HAL_GPIO_Init
                0x0000000008001dc0      0x334 Drivers/STM32F4xx_HAL_Driver/Src/stm32f4xx_hal_gpio.o
                0x0000000008001dc0                HAL_GPIO_Init
 .text.HAL_GPIO_ReadPin
                0x00000000080020f4       0x30 Drivers/STM32F4xx_HAL_Driver/Src/stm32f4xx_hal_gpio.o
                0x00000000080020f4                HAL_GPIO_ReadPin
 .text.HAL_GPIO_WritePin
                0x0000000008002124       0x32 Drivers/STM32F4xx_HAL_Driver/Src/stm32f4xx_hal_gpio.o
                0x0000000008002124                HAL_GPIO_WritePin
 *fill*         0x0000000008002156        0x2 
 .text.HAL_GPIO_EXTI_IRQHandler
                0x0000000008002158       0x30 Drivers/STM32F4xx_HAL_Driver/Src/stm32f4xx_hal_gpio.o
                0x0000000008002158                HAL_GPIO_EXTI_IRQHandler
 .text.HAL_RCC_OscConfig
                0x0000000008002188      0x484 Drivers/STM32F4xx_HAL_Driver/Src/stm32f4xx_hal_rcc.o
                0x0000000008002188                HAL_RCC_OscConfig
 .text.HAL_RCC_ClockConfig
                0x000000000800260c      0x1c4 Drivers/STM32F4xx_HAL_Driver/Src/stm32f4xx_hal_rcc.o
                0x000000000800260c                HAL_RCC_ClockConfig
 .text.HAL_RCC_GetSysClockFreq
                0x00000000080027d0      0x1b0 Drivers/STM32F4xx_HAL_Driver/Src/stm32f4xx_hal_rcc.o
                0x00000000080027d0                HAL_RCC_GetSysClockFreq
 .text.HAL_RCC_GetHCLKFreq
                0x0000000008002980       0x18 Drivers/STM32F4xx_HAL_Driver/Src/stm32f4xx_hal_rcc.o
                0x0000000008002980                HAL_RCC_GetHCLKFreq
 .text.HAL_RCC_GetPCLK1Freq
                0x0000000008002998       0x28 Drivers/STM32F4xx_HAL_Driver/Src/stm32f4xx_hal_rcc.o
                0x0000000008002998                HAL_RCC_GetPCLK1Freq
 .text.HAL_RCC_GetPCLK2Freq
                0x00000000080029c0       0x28 Drivers/STM32F4xx_HAL_Driver/Src/stm32f4xx_hal_rcc.o
                0x00000000080029c0                HAL_RCC_GetPCLK2Freq
 .text.HAL_SD_Init
                0x00000000080029e8       0x56 Drivers/STM32F4xx_HAL_Driver/Src/stm32f4xx_hal_sd.o
                0x00000000080029e8                HAL_SD_Init
 *fill*         0x0000000008002a3e        0x2 
 .text.HAL_SD_InitCard
                0x0000000008002a40       0xb8 Drivers/STM32F4xx_HAL_Driver/Src/stm32f4xx_hal_sd.o
                0x0000000008002a40                HAL_SD_InitCard
 .text.HAL_SD_ReadBlocks_DMA
                0x0000000008002af8      0x198 Drivers/STM32F4xx_HAL_Driver/Src/stm32f4xx_hal_sd.o
                0x0000000008002af8                HAL_SD_ReadBlocks_DMA
 .text.HAL_SD_WriteBlocks_DMA
                0x0000000008002c90      0x198 Drivers/STM32F4xx_HAL_Driver/Src/stm32f4xx_hal_sd.o
                0x0000000008002c90                HAL_SD_WriteBlocks_DMA
 .text.HAL_SD_IRQHandler
                0x0000000008002e28      0x2cc Drivers/STM32F4xx_HAL_Driver/Src/stm32f4xx_hal_sd.o
                0x0000000008002e28                HAL_SD_IRQHandler
 .text.HAL_SD_ErrorCallback
                0x00000000080030f4       0x14 Drivers/STM32F4xx_HAL_Driver/Src/stm32f4xx_hal_sd.o
                0x00000000080030f4                HAL_SD_ErrorCallback
 .text.HAL_SD_GetCardCSD
                0x0000000008003108      0x452 Drivers/STM32F4xx_HAL_Driver/Src/stm32f4xx_hal_sd.o
                0x0000000008003108                HAL_SD_GetCardCSD
 .text.HAL_SD_GetCardInfo
                0x000000000800355a       0x58 Drivers/STM32F4xx_HAL_Driver/Src/stm32f4xx_hal_sd.o
                0x000000000800355a                HAL_SD_GetCardInfo
 .text.HAL_SD_ConfigWideBusOperation
                0x00000000080035b2       0xf8 Drivers/STM32F4xx_HAL_Driver/Src/stm32f4xx_hal_sd.o
                0x00000000080035b2                HAL_SD_ConfigWideBusOperation
 .text.HAL_SD_GetCardState
                0x00000000080036aa       0x4a Drivers/STM32F4xx_HAL_Driver/Src/stm32f4xx_hal_sd.o
                0x00000000080036aa                HAL_SD_GetCardState
 .text.SD_DMATransmitCplt
                0x00000000080036f4       0x2a Drivers/STM32F4xx_HAL_Driver/Src/stm32f4xx_hal_sd.o
 .text.SD_DMAReceiveCplt
                0x000000000800371e       0x6e Drivers/STM32F4xx_HAL_Driver/Src/stm32f4xx_hal_sd.o
 .text.SD_DMAError
                0x000000000800378c       0x8a Drivers/STM32F4xx_HAL_Driver/Src/stm32f4xx_hal_sd.o
 .text.SD_DMATxAbort
                0x0000000008003816       0x7c Drivers/STM32F4xx_HAL_Driver/Src/stm32f4xx_hal_sd.o
 .text.SD_DMARxAbort
                0x0000000008003892       0x7c Drivers/STM32F4xx_HAL_Driver/Src/stm32f4xx_hal_sd.o
 .text.SD_InitCard
                0x000000000800390e      0x192 Drivers/STM32F4xx_HAL_Driver/Src/stm32f4xx_hal_sd.o
 .text.SD_PowerON
                0x0000000008003aa0      0x150 Drivers/STM32F4xx_HAL_Driver/Src/stm32f4xx_hal_sd.o
 .text.SD_SendStatus
                0x0000000008003bf0       0x54 Drivers/STM32F4xx_HAL_Driver/Src/stm32f4xx_hal_sd.o
 .text.SD_WideBus_Enable
                0x0000000008003c44       0x9a Drivers/STM32F4xx_HAL_Driver/Src/stm32f4xx_hal_sd.o
 .text.SD_WideBus_Disable
                0x0000000008003cde       0x9a Drivers/STM32F4xx_HAL_Driver/Src/stm32f4xx_hal_sd.o
 .text.SD_FindSCR
                0x0000000008003d78      0x192 Drivers/STM32F4xx_HAL_Driver/Src/stm32f4xx_hal_sd.o
 .text.SD_Read_IT
                0x0000000008003f0a       0x50 Drivers/STM32F4xx_HAL_Driver/Src/stm32f4xx_hal_sd.o
 .text.SD_Write_IT
                0x0000000008003f5a       0x4c Drivers/STM32F4xx_HAL_Driver/Src/stm32f4xx_hal_sd.o
 .text.HAL_SRAM_Init
                0x0000000008003fa6       0x88 Drivers/STM32F4xx_HAL_Driver/Src/stm32f4xx_hal_sram.o
                0x0000000008003fa6                HAL_SRAM_Init
 .text.HAL_UART_Init
                0x000000000800402e       0x9a Drivers/STM32F4xx_HAL_Driver/Src/stm32f4xx_hal_uart.o
                0x000000000800402e                HAL_UART_Init
 .text.HAL_UART_Transmit
                0x00000000080040c8      0x144 Drivers/STM32F4xx_HAL_Driver/Src/stm32f4xx_hal_uart.o
                0x00000000080040c8                HAL_UART_Transmit
 .text.HAL_UART_Receive_IT
                0x000000000800420c       0xaa Drivers/STM32F4xx_HAL_Driver/Src/stm32f4xx_hal_uart.o
                0x000000000800420c                HAL_UART_Receive_IT
 *fill*         0x00000000080042b6        0x2 
 .text.HAL_UART_IRQHandler
                0x00000000080042b8      0x1f8 Drivers/STM32F4xx_HAL_Driver/Src/stm32f4xx_hal_uart.o
                0x00000000080042b8                HAL_UART_IRQHandler
 .text.HAL_UART_TxCpltCallback
                0x00000000080044b0       0x14 Drivers/STM32F4xx_HAL_Driver/Src/stm32f4xx_hal_uart.o
                0x00000000080044b0                HAL_UART_TxCpltCallback
 .text.HAL_UART_ErrorCallback
                0x00000000080044c4       0x14 Drivers/STM32F4xx_HAL_Driver/Src/stm32f4xx_hal_uart.o
                0x00000000080044c4                HAL_UART_ErrorCallback
 .text.UART_WaitOnFlagUntilTimeout
                0x00000000080044d8       0x94 Drivers/STM32F4xx_HAL_Driver/Src/stm32f4xx_hal_uart.o
 .text.UART_EndRxTransfer
                0x000000000800456c       0x3c Drivers/STM32F4xx_HAL_Driver/Src/stm32f4xx_hal_uart.o
 .text.UART_DMAAbortOnError
                0x00000000080045a8       0x28 Drivers/STM32F4xx_HAL_Driver/Src/stm32f4xx_hal_uart.o
 .text.UART_Transmit_IT
                0x00000000080045d0       0xac Drivers/STM32F4xx_HAL_Driver/Src/stm32f4xx_hal_uart.o
 .text.UART_EndTransmit_IT
                0x000000000800467c       0x30 Drivers/STM32F4xx_HAL_Driver/Src/stm32f4xx_hal_uart.o
 .text.UART_Receive_IT
                0x00000000080046ac      0x102 Drivers/STM32F4xx_HAL_Driver/Src/stm32f4xx_hal_uart.o
 *fill*         0x00000000080047ae        0x2 
 .text.UART_SetConfig
                0x00000000080047b0      0x414 Drivers/STM32F4xx_HAL_Driver/Src/stm32f4xx_hal_uart.o
 .text.FSMC_NORSRAM_Init
                0x0000000008004bc4       0xa4 Drivers/STM32F4xx_HAL_Driver/Src/stm32f4xx_ll_fsmc.o
                0x0000000008004bc4                FSMC_NORSRAM_Init
 .text.FSMC_NORSRAM_Timing_Init
                0x0000000008004c68       0x7a Drivers/STM32F4xx_HAL_Driver/Src/stm32f4xx_ll_fsmc.o
                0x0000000008004c68                FSMC_NORSRAM_Timing_Init
 *fill*         0x0000000008004ce2        0x2 
 .text.FSMC_NORSRAM_Extended_Timing_Init
                0x0000000008004ce4       0x80 Drivers/STM32F4xx_HAL_Driver/Src/stm32f4xx_ll_fsmc.o
                0x0000000008004ce4                FSMC_NORSRAM_Extended_Timing_Init
 .text.SDIO_Init
                0x0000000008004d64       0x56 Drivers/STM32F4xx_HAL_Driver/Src/stm32f4xx_ll_sdmmc.o
                0x0000000008004d64                SDIO_Init
 .text.SDIO_ReadFIFO
                0x0000000008004dba       0x1a Drivers/STM32F4xx_HAL_Driver/Src/stm32f4xx_ll_sdmmc.o
                0x0000000008004dba                SDIO_ReadFIFO
 .text.SDIO_WriteFIFO
                0x0000000008004dd4       0x22 Drivers/STM32F4xx_HAL_Driver/Src/stm32f4xx_ll_sdmmc.o
                0x0000000008004dd4                SDIO_WriteFIFO
 .text.SDIO_PowerState_ON
                0x0000000008004df6       0x1c Drivers/STM32F4xx_HAL_Driver/Src/stm32f4xx_ll_sdmmc.o
                0x0000000008004df6                SDIO_PowerState_ON
 .text.SDIO_GetPowerState
                0x0000000008004e12       0x1c Drivers/STM32F4xx_HAL_Driver/Src/stm32f4xx_ll_sdmmc.o
                0x0000000008004e12                SDIO_GetPowerState
 .text.SDIO_SendCommand
                0x0000000008004e2e       0x54 Drivers/STM32F4xx_HAL_Driver/Src/stm32f4xx_ll_sdmmc.o
                0x0000000008004e2e                SDIO_SendCommand
 .text.SDIO_GetCommandResponse
                0x0000000008004e82       0x1a Drivers/STM32F4xx_HAL_Driver/Src/stm32f4xx_ll_sdmmc.o
                0x0000000008004e82                SDIO_GetCommandResponse
 .text.SDIO_GetResponse
                0x0000000008004e9c       0x2a Drivers/STM32F4xx_HAL_Driver/Src/stm32f4xx_ll_sdmmc.o
                0x0000000008004e9c                SDIO_GetResponse
 .text.SDIO_ConfigData
                0x0000000008004ec6       0x58 Drivers/STM32F4xx_HAL_Driver/Src/stm32f4xx_ll_sdmmc.o
                0x0000000008004ec6                SDIO_ConfigData
 .text.SDMMC_CmdBlockLength
                0x0000000008004f1e       0x48 Drivers/STM32F4xx_HAL_Driver/Src/stm32f4xx_ll_sdmmc.o
                0x0000000008004f1e                SDMMC_CmdBlockLength
 .text.SDMMC_CmdReadSingleBlock
                0x0000000008004f66       0x48 Drivers/STM32F4xx_HAL_Driver/Src/stm32f4xx_ll_sdmmc.o
                0x0000000008004f66                SDMMC_CmdReadSingleBlock
 .text.SDMMC_CmdReadMultiBlock
                0x0000000008004fae       0x48 Drivers/STM32F4xx_HAL_Driver/Src/stm32f4xx_ll_sdmmc.o
                0x0000000008004fae                SDMMC_CmdReadMultiBlock
 .text.SDMMC_CmdWriteSingleBlock
                0x0000000008004ff6       0x48 Drivers/STM32F4xx_HAL_Driver/Src/stm32f4xx_ll_sdmmc.o
                0x0000000008004ff6                SDMMC_CmdWriteSingleBlock
 .text.SDMMC_CmdWriteMultiBlock
                0x000000000800503e       0x48 Drivers/STM32F4xx_HAL_Driver/Src/stm32f4xx_ll_sdmmc.o
                0x000000000800503e                SDMMC_CmdWriteMultiBlock
 *fill*         0x0000000008005086        0x2 
 .text.SDMMC_CmdStopTransfer
                0x0000000008005088       0x48 Drivers/STM32F4xx_HAL_Driver/Src/stm32f4xx_ll_sdmmc.o
                0x0000000008005088                SDMMC_CmdStopTransfer
 .text.SDMMC_CmdSelDesel
                0x00000000080050d0       0x4a Drivers/STM32F4xx_HAL_Driver/Src/stm32f4xx_ll_sdmmc.o
                0x00000000080050d0                SDMMC_CmdSelDesel
 .text.SDMMC_CmdGoIdleState
                0x000000000800511a       0x40 Drivers/STM32F4xx_HAL_Driver/Src/stm32f4xx_ll_sdmmc.o
                0x000000000800511a                SDMMC_CmdGoIdleState
 .text.SDMMC_CmdOperCond
                0x000000000800515a       0x42 Drivers/STM32F4xx_HAL_Driver/Src/stm32f4xx_ll_sdmmc.o
                0x000000000800515a                SDMMC_CmdOperCond
 .text.SDMMC_CmdAppCommand
                0x000000000800519c       0x48 Drivers/STM32F4xx_HAL_Driver/Src/stm32f4xx_ll_sdmmc.o
                0x000000000800519c                SDMMC_CmdAppCommand
 .text.SDMMC_CmdAppOperCommand
                0x00000000080051e4       0x4a Drivers/STM32F4xx_HAL_Driver/Src/stm32f4xx_ll_sdmmc.o
                0x00000000080051e4                SDMMC_CmdAppOperCommand
 .text.SDMMC_CmdBusWidth
                0x000000000800522e       0x48 Drivers/STM32F4xx_HAL_Driver/Src/stm32f4xx_ll_sdmmc.o
                0x000000000800522e                SDMMC_CmdBusWidth
 .text.SDMMC_CmdSendSCR
                0x0000000008005276       0x46 Drivers/STM32F4xx_HAL_Driver/Src/stm32f4xx_ll_sdmmc.o
                0x0000000008005276                SDMMC_CmdSendSCR
 .text.SDMMC_CmdSendCID
                0x00000000080052bc       0x40 Drivers/STM32F4xx_HAL_Driver/Src/stm32f4xx_ll_sdmmc.o
                0x00000000080052bc                SDMMC_CmdSendCID
 .text.SDMMC_CmdSendCSD
                0x00000000080052fc       0x42 Drivers/STM32F4xx_HAL_Driver/Src/stm32f4xx_ll_sdmmc.o
                0x00000000080052fc                SDMMC_CmdSendCSD
 .text.SDMMC_CmdSetRelAdd
                0x000000000800533e       0x46 Drivers/STM32F4xx_HAL_Driver/Src/stm32f4xx_ll_sdmmc.o
                0x000000000800533e                SDMMC_CmdSetRelAdd
 .text.SDMMC_CmdSendStatus
                0x0000000008005384       0x48 Drivers/STM32F4xx_HAL_Driver/Src/stm32f4xx_ll_sdmmc.o
                0x0000000008005384                SDMMC_CmdSendStatus
 .text.SDMMC_GetCmdError
                0x00000000080053cc       0x54 Drivers/STM32F4xx_HAL_Driver/Src/stm32f4xx_ll_sdmmc.o
 .text.SDMMC_GetCmdResp1
                0x0000000008005420      0x1cc Drivers/STM32F4xx_HAL_Driver/Src/stm32f4xx_ll_sdmmc.o
 .text.SDMMC_GetCmdResp2
                0x00000000080055ec       0x80 Drivers/STM32F4xx_HAL_Driver/Src/stm32f4xx_ll_sdmmc.o
 .text.SDMMC_GetCmdResp3
                0x000000000800566c       0x68 Drivers/STM32F4xx_HAL_Driver/Src/stm32f4xx_ll_sdmmc.o
 .text.SDMMC_GetCmdResp6
                0x00000000080056d4       0xdc Drivers/STM32F4xx_HAL_Driver/Src/stm32f4xx_ll_sdmmc.o
 .text.SDMMC_GetCmdResp7
                0x00000000080057b0       0x74 Drivers/STM32F4xx_HAL_Driver/Src/stm32f4xx_ll_sdmmc.o
 .text.disk_status
                0x0000000008005824       0x34 Middlewares/Third_Party/FatFs/src/diskio.o
                0x0000000008005824                disk_status
 .text.disk_initialize
                0x0000000008005858       0x4c Middlewares/Third_Party/FatFs/src/diskio.o
                0x0000000008005858                disk_initialize
 .text.disk_read
                0x00000000080058a4       0x40 Middlewares/Third_Party/FatFs/src/diskio.o
                0x00000000080058a4                disk_read
 .text.disk_write
                0x00000000080058e4       0x40 Middlewares/Third_Party/FatFs/src/diskio.o
                0x00000000080058e4                disk_write
 .text.disk_ioctl
                0x0000000008005924       0x3c Middlewares/Third_Party/FatFs/src/diskio.o
                0x0000000008005924                disk_ioctl
 .text.ld_word  0x0000000008005960       0x30 Middlewares/Third_Party/FatFs/src/ff.o
 .text.ld_dword
                0x0000000008005990       0x46 Middlewares/Third_Party/FatFs/src/ff.o
 .text.st_word  0x00000000080059d6       0x36 Middlewares/Third_Party/FatFs/src/ff.o
 .text.st_dword
                0x0000000008005a0c       0x58 Middlewares/Third_Party/FatFs/src/ff.o
 .text.mem_cpy  0x0000000008005a64       0x42 Middlewares/Third_Party/FatFs/src/ff.o
 .text.mem_set  0x0000000008005aa6       0x34 Middlewares/Third_Party/FatFs/src/ff.o
 .text.mem_cmp  0x0000000008005ada       0x4e Middlewares/Third_Party/FatFs/src/ff.o
 .text.chk_chr  0x0000000008005b28       0x36 Middlewares/Third_Party/FatFs/src/ff.o
 .text.lock_fs  0x0000000008005b5e       0x2c Middlewares/Third_Party/FatFs/src/ff.o
 .text.unlock_fs
                0x0000000008005b8a       0x36 Middlewares/Third_Party/FatFs/src/ff.o
 .text.chk_lock
                0x0000000008005bc0       0xb8 Middlewares/Third_Party/FatFs/src/ff.o
 .text.enq_lock
                0x0000000008005c78       0x44 Middlewares/Third_Party/FatFs/src/ff.o
 .text.inc_lock
                0x0000000008005cbc      0x11c Middlewares/Third_Party/FatFs/src/ff.o
 .text.dec_lock
                0x0000000008005dd8       0x78 Middlewares/Third_Party/FatFs/src/ff.o
 .text.clear_lock
                0x0000000008005e50       0x48 Middlewares/Third_Party/FatFs/src/ff.o
 .text.sync_window
                0x0000000008005e98       0x88 Middlewares/Third_Party/FatFs/src/ff.o
 .text.move_window
                0x0000000008005f20       0x5a Middlewares/Third_Party/FatFs/src/ff.o
 *fill*         0x0000000008005f7a        0x2 
 .text.sync_fs  0x0000000008005f7c       0xdc Middlewares/Third_Party/FatFs/src/ff.o
 .text.clust2sect
                0x0000000008006058       0x3e Middlewares/Third_Party/FatFs/src/ff.o
 .text.get_fat  0x0000000008006096      0x14a Middlewares/Third_Party/FatFs/src/ff.o
 .text.put_fat  0x00000000080061e0      0x1ce Middlewares/Third_Party/FatFs/src/ff.o
 .text.remove_chain
                0x00000000080063ae       0xca Middlewares/Third_Party/FatFs/src/ff.o
 .text.create_chain
                0x0000000008006478      0x130 Middlewares/Third_Party/FatFs/src/ff.o
 .text.clmt_clust
                0x00000000080065a8       0x68 Middlewares/Third_Party/FatFs/src/ff.o
 .text.dir_sdi  0x0000000008006610       0xf6 Middlewares/Third_Party/FatFs/src/ff.o
 .text.dir_next
                0x0000000008006706      0x18a Middlewares/Third_Party/FatFs/src/ff.o
 .text.dir_alloc
                0x0000000008006890       0x8e Middlewares/Third_Party/FatFs/src/ff.o
 .text.ld_clust
                0x000000000800691e       0x3e Middlewares/Third_Party/FatFs/src/ff.o
 .text.st_clust
                0x000000000800695c       0x40 Middlewares/Third_Party/FatFs/src/ff.o
 .text.dir_read
                0x000000000800699c       0xba Middlewares/Third_Party/FatFs/src/ff.o
 .text.dir_find
                0x0000000008006a56       0xaa Middlewares/Third_Party/FatFs/src/ff.o
 .text.dir_register
                0x0000000008006b00       0x64 Middlewares/Third_Party/FatFs/src/ff.o
 .text.dir_remove
                0x0000000008006b64       0x3c Middlewares/Third_Party/FatFs/src/ff.o
 .text.get_fileinfo
                0x0000000008006ba0       0xbe Middlewares/Third_Party/FatFs/src/ff.o
 *fill*         0x0000000008006c5e        0x2 
 .text.create_name
                0x0000000008006c60      0x128 Middlewares/Third_Party/FatFs/src/ff.o
 .text.follow_path
                0x0000000008006d88       0xe2 Middlewares/Third_Party/FatFs/src/ff.o
 .text.get_ldnumber
                0x0000000008006e6a       0x88 Middlewares/Third_Party/FatFs/src/ff.o
 *fill*         0x0000000008006ef2        0x2 
 .text.check_fs
                0x0000000008006ef4       0xac Middlewares/Third_Party/FatFs/src/ff.o
 .text.find_volume
                0x0000000008006fa0      0x4a8 Middlewares/Third_Party/FatFs/src/ff.o
 .text.validate
                0x0000000008007448       0x8e Middlewares/Third_Party/FatFs/src/ff.o
 *fill*         0x00000000080074d6        0x2 
 .text.f_mount  0x00000000080074d8       0xc8 Middlewares/Third_Party/FatFs/src/ff.o
                0x00000000080074d8                f_mount
 .text.f_open   0x00000000080075a0      0x38a Middlewares/Third_Party/FatFs/src/ff.o
                0x00000000080075a0                f_open
 .text.f_read   0x000000000800792a      0x2dc Middlewares/Third_Party/FatFs/src/ff.o
                0x000000000800792a                f_read
 .text.f_write  0x0000000008007c06      0x348 Middlewares/Third_Party/FatFs/src/ff.o
                0x0000000008007c06                f_write
 .text.f_sync   0x0000000008007f4e      0x112 Middlewares/Third_Party/FatFs/src/ff.o
                0x0000000008007f4e                f_sync
 .text.f_close  0x0000000008008060       0x5e Middlewares/Third_Party/FatFs/src/ff.o
                0x0000000008008060                f_close
 .text.f_lseek  0x00000000080080be      0x4a6 Middlewares/Third_Party/FatFs/src/ff.o
                0x00000000080080be                f_lseek
 .text.f_opendir
                0x0000000008008564       0xf2 Middlewares/Third_Party/FatFs/src/ff.o
                0x0000000008008564                f_opendir
 .text.f_closedir
                0x0000000008008656       0x56 Middlewares/Third_Party/FatFs/src/ff.o
                0x0000000008008656                f_closedir
 .text.f_readdir
                0x00000000080086ac       0x86 Middlewares/Third_Party/FatFs/src/ff.o
                0x00000000080086ac                f_readdir
 .text.f_unlink
                0x0000000008008732      0x164 Middlewares/Third_Party/FatFs/src/ff.o
                0x0000000008008732                f_unlink
 .text.f_gets   0x0000000008008896       0x7a Middlewares/Third_Party/FatFs/src/ff.o
                0x0000000008008896                f_gets
 .text.putc_bfd
                0x0000000008008910       0x7a Middlewares/Third_Party/FatFs/src/ff.o
 .text.putc_flush
                0x000000000800898a       0x4c Middlewares/Third_Party/FatFs/src/ff.o
 .text.putc_init
                0x00000000080089d6       0x2a Middlewares/Third_Party/FatFs/src/ff.o
 .text.f_puts   0x0000000008008a00       0x48 Middlewares/Third_Party/FatFs/src/ff.o
                0x0000000008008a00                f_puts
 .text.FATFS_LinkDriverEx
                0x0000000008008a48       0x98 Middlewares/Third_Party/FatFs/src/ff_gen_drv.o
                0x0000000008008a48                FATFS_LinkDriverEx
 .text.FATFS_LinkDriver
                0x0000000008008ae0       0x1e Middlewares/Third_Party/FatFs/src/ff_gen_drv.o
                0x0000000008008ae0                FATFS_LinkDriver
 .text.ff_cre_syncobj
                0x0000000008008afe       0x40 Middlewares/Third_Party/FatFs/src/option/syscall.o
                0x0000000008008afe                ff_cre_syncobj
 .text.ff_del_syncobj
                0x0000000008008b3e       0x18 Middlewares/Third_Party/FatFs/src/option/syscall.o
                0x0000000008008b3e                ff_del_syncobj
 .text.ff_req_grant
                0x0000000008008b56       0x2a Middlewares/Third_Party/FatFs/src/option/syscall.o
                0x0000000008008b56                ff_req_grant
 .text.ff_rel_grant
                0x0000000008008b80       0x16 Middlewares/Third_Party/FatFs/src/option/syscall.o
                0x0000000008008b80                ff_rel_grant
 .text.makeFreeRtosPriority
                0x0000000008008b96       0x30 Middlewares/Third_Party/FreeRTOS/Source/CMSIS_RTOS/cmsis_os.o
 .text.inHandlerMode
                0x0000000008008bc6       0x24 Middlewares/Third_Party/FreeRTOS/Source/CMSIS_RTOS/cmsis_os.o
 .text.osKernelStart
                0x0000000008008bea        0xe Middlewares/Third_Party/FreeRTOS/Source/CMSIS_RTOS/cmsis_os.o
                0x0000000008008bea                osKernelStart
 .text.osKernelRunning
                0x0000000008008bf8       0x18 Middlewares/Third_Party/FreeRTOS/Source/CMSIS_RTOS/cmsis_os.o
                0x0000000008008bf8                osKernelRunning
 .text.osKernelSysTick
                0x0000000008008c10       0x20 Middlewares/Third_Party/FreeRTOS/Source/CMSIS_RTOS/cmsis_os.o
                0x0000000008008c10                osKernelSysTick
 .text.osThreadCreate
                0x0000000008008c30       0x98 Middlewares/Third_Party/FreeRTOS/Source/CMSIS_RTOS/cmsis_os.o
                0x0000000008008c30                osThreadCreate
 .text.osDelay  0x0000000008008cc8       0x28 Middlewares/Third_Party/FreeRTOS/Source/CMSIS_RTOS/cmsis_os.o
                0x0000000008008cc8                osDelay
 .text.osSemaphoreCreate
                0x0000000008008cf0       0x66 Middlewares/Third_Party/FreeRTOS/Source/CMSIS_RTOS/cmsis_os.o
                0x0000000008008cf0                osSemaphoreCreate
 *fill*         0x0000000008008d56        0x2 
 .text.osSemaphoreWait
                0x0000000008008d58       0x9c Middlewares/Third_Party/FreeRTOS/Source/CMSIS_RTOS/cmsis_os.o
                0x0000000008008d58                osSemaphoreWait
 .text.osSemaphoreRelease
                0x0000000008008df4       0x6c Middlewares/Third_Party/FreeRTOS/Source/CMSIS_RTOS/cmsis_os.o
                0x0000000008008df4                osSemaphoreRelease
 .text.osSemaphoreDelete
                0x0000000008008e60       0x26 Middlewares/Third_Party/FreeRTOS/Source/CMSIS_RTOS/cmsis_os.o
                0x0000000008008e60                osSemaphoreDelete
 .text.osMessageCreate
                0x0000000008008e86       0x52 Middlewares/Third_Party/FreeRTOS/Source/CMSIS_RTOS/cmsis_os.o
                0x0000000008008e86                osMessageCreate
 .text.osMessagePut
                0x0000000008008ed8       0x80 Middlewares/Third_Party/FreeRTOS/Source/CMSIS_RTOS/cmsis_os.o
                0x0000000008008ed8                osMessagePut
 .text.osMessageGet
                0x0000000008008f58       0xe8 Middlewares/Third_Party/FreeRTOS/Source/CMSIS_RTOS/cmsis_os.o
                0x0000000008008f58                osMessageGet
 .text.vListInitialise
                0x0000000008009040       0x40 Middlewares/Third_Party/FreeRTOS/Source/list.o
                0x0000000008009040                vListInitialise
 .text.vListInitialiseItem
                0x0000000008009080       0x1a Middlewares/Third_Party/FreeRTOS/Source/list.o
                0x0000000008009080                vListInitialiseItem
 .text.vListInsertEnd
                0x000000000800909a       0x48 Middlewares/Third_Party/FreeRTOS/Source/list.o
                0x000000000800909a                vListInsertEnd
 .text.vListInsert
                0x00000000080090e2       0x72 Middlewares/Third_Party/FreeRTOS/Source/list.o
                0x00000000080090e2                vListInsert
 .text.uxListRemove
                0x0000000008009154       0x54 Middlewares/Third_Party/FreeRTOS/Source/list.o
                0x0000000008009154                uxListRemove
 .text.xQueueGenericReset
                0x00000000080091a8       0xd0 Middlewares/Third_Party/FreeRTOS/Source/queue.o
                0x00000000080091a8                xQueueGenericReset
 .text.xQueueGenericCreateStatic
                0x0000000008009278       0xe4 Middlewares/Third_Party/FreeRTOS/Source/queue.o
                0x0000000008009278                xQueueGenericCreateStatic
 .text.xQueueGenericCreate
                0x000000000800935c       0x7a Middlewares/Third_Party/FreeRTOS/Source/queue.o
                0x000000000800935c                xQueueGenericCreate
 .text.prvInitialiseNewQueue
                0x00000000080093d6       0x3e Middlewares/Third_Party/FreeRTOS/Source/queue.o
 .text.xQueueGenericSend
                0x0000000008009414      0x1f4 Middlewares/Third_Party/FreeRTOS/Source/queue.o
                0x0000000008009414                xQueueGenericSend
 .text.xQueueGenericSendFromISR
                0x0000000008009608      0x128 Middlewares/Third_Party/FreeRTOS/Source/queue.o
                0x0000000008009608                xQueueGenericSendFromISR
 .text.xQueueGiveFromISR
                0x0000000008009730      0x112 Middlewares/Third_Party/FreeRTOS/Source/queue.o
                0x0000000008009730                xQueueGiveFromISR
 *fill*         0x0000000008009842        0x2 
 .text.xQueueReceive
                0x0000000008009844      0x1b8 Middlewares/Third_Party/FreeRTOS/Source/queue.o
                0x0000000008009844                xQueueReceive
 .text.xQueueSemaphoreTake
                0x00000000080099fc      0x210 Middlewares/Third_Party/FreeRTOS/Source/queue.o
                0x00000000080099fc                xQueueSemaphoreTake
 .text.xQueueReceiveFromISR
                0x0000000008009c0c       0xfa Middlewares/Third_Party/FreeRTOS/Source/queue.o
                0x0000000008009c0c                xQueueReceiveFromISR
 .text.vQueueDelete
                0x0000000008009d06       0x44 Middlewares/Third_Party/FreeRTOS/Source/queue.o
                0x0000000008009d06                vQueueDelete
 .text.prvGetDisinheritPriorityAfterTimeout
                0x0000000008009d4a       0x30 Middlewares/Third_Party/FreeRTOS/Source/queue.o
 .text.prvCopyDataToQueue
                0x0000000008009d7a       0xd4 Middlewares/Third_Party/FreeRTOS/Source/queue.o
 .text.prvCopyDataFromQueue
                0x0000000008009e4e       0x4c Middlewares/Third_Party/FreeRTOS/Source/queue.o
 .text.prvUnlockQueue
                0x0000000008009e9a       0xa4 Middlewares/Third_Party/FreeRTOS/Source/queue.o
 .text.prvIsQueueEmpty
                0x0000000008009f3e       0x2c Middlewares/Third_Party/FreeRTOS/Source/queue.o
 .text.prvIsQueueFull
                0x0000000008009f6a       0x30 Middlewares/Third_Party/FreeRTOS/Source/queue.o
 *fill*         0x0000000008009f9a        0x2 
 .text.vQueueUnregisterQueue
                0x0000000008009f9c       0x54 Middlewares/Third_Party/FreeRTOS/Source/queue.o
                0x0000000008009f9c                vQueueUnregisterQueue
 .text.xTaskCreateStatic
                0x0000000008009ff0       0xb2 Middlewares/Third_Party/FreeRTOS/Source/tasks.o
                0x0000000008009ff0                xTaskCreateStatic
 .text.xTaskCreate
                0x000000000800a0a2       0x8a Middlewares/Third_Party/FreeRTOS/Source/tasks.o
                0x000000000800a0a2                xTaskCreate
 .text.prvInitialiseNewTask
                0x000000000800a12c       0xfc Middlewares/Third_Party/FreeRTOS/Source/tasks.o
 .text.prvAddNewTaskToReadyList
                0x000000000800a228       0xd4 Middlewares/Third_Party/FreeRTOS/Source/tasks.o
 .text.vTaskDelay
                0x000000000800a2fc       0x68 Middlewares/Third_Party/FreeRTOS/Source/tasks.o
                0x000000000800a2fc                vTaskDelay
 .text.vTaskStartScheduler
                0x000000000800a364       0xbc Middlewares/Third_Party/FreeRTOS/Source/tasks.o
                0x000000000800a364                vTaskStartScheduler
 .text.vTaskSuspendAll
                0x000000000800a420       0x1c Middlewares/Third_Party/FreeRTOS/Source/tasks.o
                0x000000000800a420                vTaskSuspendAll
 .text.xTaskResumeAll
                0x000000000800a43c      0x138 Middlewares/Third_Party/FreeRTOS/Source/tasks.o
                0x000000000800a43c                xTaskResumeAll
 .text.xTaskGetTickCount
                0x000000000800a574       0x20 Middlewares/Third_Party/FreeRTOS/Source/tasks.o
                0x000000000800a574                xTaskGetTickCount
 .text.xTaskGetTickCountFromISR
                0x000000000800a594       0x24 Middlewares/Third_Party/FreeRTOS/Source/tasks.o
                0x000000000800a594                xTaskGetTickCountFromISR
 .text.xTaskIncrementTick
                0x000000000800a5b8      0x178 Middlewares/Third_Party/FreeRTOS/Source/tasks.o
                0x000000000800a5b8                xTaskIncrementTick
 .text.vTaskSwitchContext
                0x000000000800a730       0xb4 Middlewares/Third_Party/FreeRTOS/Source/tasks.o
                0x000000000800a730                vTaskSwitchContext
 .text.vTaskPlaceOnEventList
                0x000000000800a7e4       0x48 Middlewares/Third_Party/FreeRTOS/Source/tasks.o
                0x000000000800a7e4                vTaskPlaceOnEventList
 .text.xTaskRemoveFromEventList
                0x000000000800a82c       0xc4 Middlewares/Third_Party/FreeRTOS/Source/tasks.o
                0x000000000800a82c                xTaskRemoveFromEventList
 .text.vTaskInternalSetTimeOutState
                0x000000000800a8f0       0x2c Middlewares/Third_Party/FreeRTOS/Source/tasks.o
                0x000000000800a8f0                vTaskInternalSetTimeOutState
 .text.xTaskCheckForTimeOut
                0x000000000800a91c       0xc0 Middlewares/Third_Party/FreeRTOS/Source/tasks.o
                0x000000000800a91c                xTaskCheckForTimeOut
 .text.vTaskMissedYield
                0x000000000800a9dc       0x18 Middlewares/Third_Party/FreeRTOS/Source/tasks.o
                0x000000000800a9dc                vTaskMissedYield
 .text.prvIdleTask
                0x000000000800a9f4       0x30 Middlewares/Third_Party/FreeRTOS/Source/tasks.o
 .text.prvInitialiseTaskLists
                0x000000000800aa24       0x80 Middlewares/Third_Party/FreeRTOS/Source/tasks.o
 .text.prvCheckTasksWaitingTermination
                0x000000000800aaa4       0x58 Middlewares/Third_Party/FreeRTOS/Source/tasks.o
 .text.prvDeleteTCB
                0x000000000800aafc       0x5c Middlewares/Third_Party/FreeRTOS/Source/tasks.o
 .text.prvResetNextTaskUnblockTime
                0x000000000800ab58       0x4c Middlewares/Third_Party/FreeRTOS/Source/tasks.o
 .text.xTaskGetSchedulerState
                0x000000000800aba4       0x3c Middlewares/Third_Party/FreeRTOS/Source/tasks.o
                0x000000000800aba4                xTaskGetSchedulerState
 .text.xTaskPriorityInherit
                0x000000000800abe0      0x10c Middlewares/Third_Party/FreeRTOS/Source/tasks.o
                0x000000000800abe0                xTaskPriorityInherit
 .text.xTaskPriorityDisinherit
                0x000000000800acec      0x108 Middlewares/Third_Party/FreeRTOS/Source/tasks.o
                0x000000000800acec                xTaskPriorityDisinherit
 .text.vTaskPriorityDisinheritAfterTimeout
                0x000000000800adf4      0x13c Middlewares/Third_Party/FreeRTOS/Source/tasks.o
                0x000000000800adf4                vTaskPriorityDisinheritAfterTimeout
 .text.pvTaskIncrementMutexHeldCount
                0x000000000800af30       0x28 Middlewares/Third_Party/FreeRTOS/Source/tasks.o
                0x000000000800af30                pvTaskIncrementMutexHeldCount
 .text.prvAddCurrentTaskToDelayedList
                0x000000000800af58       0xcc Middlewares/Third_Party/FreeRTOS/Source/tasks.o
 .text.pxPortInitialiseStack
                0x000000000800b024       0x68 Middlewares/Third_Party/FreeRTOS/Source/portable/GCC/ARM_CM4F/port.o
                0x000000000800b024                pxPortInitialiseStack
 .text.prvTaskExitError
                0x000000000800b08c       0x54 Middlewares/Third_Party/FreeRTOS/Source/portable/GCC/ARM_CM4F/port.o
 .text.SVC_Handler
                0x000000000800b0e0       0x28 Middlewares/Third_Party/FreeRTOS/Source/portable/GCC/ARM_CM4F/port.o
                0x000000000800b0e0                SVC_Handler
 .text.prvPortStartFirstTask
                0x000000000800b108       0x28 Middlewares/Third_Party/FreeRTOS/Source/portable/GCC/ARM_CM4F/port.o
 .text.xPortStartScheduler
                0x000000000800b130      0x13c Middlewares/Third_Party/FreeRTOS/Source/portable/GCC/ARM_CM4F/port.o
                0x000000000800b130                xPortStartScheduler
 .text.vPortEnterCritical
                0x000000000800b26c       0x5c Middlewares/Third_Party/FreeRTOS/Source/portable/GCC/ARM_CM4F/port.o
                0x000000000800b26c                vPortEnterCritical
 .text.vPortExitCritical
                0x000000000800b2c8       0x50 Middlewares/Third_Party/FreeRTOS/Source/portable/GCC/ARM_CM4F/port.o
                0x000000000800b2c8                vPortExitCritical
 *fill*         0x000000000800b318        0x8 
 .text.PendSV_Handler
                0x000000000800b320       0x68 Middlewares/Third_Party/FreeRTOS/Source/portable/GCC/ARM_CM4F/port.o
                0x000000000800b320                PendSV_Handler
 .text.xPortSysTickHandler
                0x000000000800b388       0x40 Middlewares/Third_Party/FreeRTOS/Source/portable/GCC/ARM_CM4F/port.o
                0x000000000800b388                xPortSysTickHandler
 .text.vPortSetupTimerInterrupt
                0x000000000800b3c8       0x48 Middlewares/Third_Party/FreeRTOS/Source/portable/GCC/ARM_CM4F/port.o
                0x000000000800b3c8                vPortSetupTimerInterrupt
 .text.vPortEnableVFP
                0x000000000800b410       0x14 Middlewares/Third_Party/FreeRTOS/Source/portable/GCC/ARM_CM4F/port.o
 .text.vPortValidateInterruptPriority
                0x000000000800b424       0x7c Middlewares/Third_Party/FreeRTOS/Source/portable/GCC/ARM_CM4F/port.o
                0x000000000800b424                vPortValidateInterruptPriority
 .text.pvPortMalloc
                0x000000000800b4a0      0x184 Middlewares/Third_Party/FreeRTOS/Source/portable/MemMang/heap_4.o
                0x000000000800b4a0                pvPortMalloc
 .text.vPortFree
                0x000000000800b624       0xb0 Middlewares/Third_Party/FreeRTOS/Source/portable/MemMang/heap_4.o
                0x000000000800b624                vPortFree
 .text.prvHeapInit
                0x000000000800b6d4       0xc4 Middlewares/Third_Party/FreeRTOS/Source/portable/MemMang/heap_4.o
 .text.prvInsertBlockIntoFreeList
                0x000000000800b798       0xb4 Middlewares/Third_Party/FreeRTOS/Source/portable/MemMang/heap_4.o
 .text.gpioInit
                0x000000000800b84c       0x64 Src/485.o
                0x000000000800b84c                gpioInit
 .text.sendEnable
                0x000000000800b8b0       0x18 Src/485.o
                0x000000000800b8b0                sendEnable
 .text.sendDIsEnable
                0x000000000800b8c8       0x18 Src/485.o
                0x000000000800b8c8                sendDIsEnable
 .text.setLimit
                0x000000000800b8e0       0x54 Src/485.o
                0x000000000800b8e0                setLimit
 .text.locationSolve
                0x000000000800b934       0x3c Src/485.o
                0x000000000800b934                locationSolve
 .text.uartDataSend
                0x000000000800b970      0x33c Src/485.o
                0x000000000800b970                uartDataSend
 .text.dataSolve
                0x000000000800bcac      0x214 Src/485.o
                0x000000000800bcac                dataSolve
 .text.uartDataGet
                0x000000000800bec0       0xe0 Src/485.o
                0x000000000800bec0                uartDataGet
 .text.HAL_UART_RxCpltCallback
                0x000000000800bfa0       0x58 Src/485.o
                0x000000000800bfa0                HAL_UART_RxCpltCallback
 .text.DS1302_Delay
                0x000000000800bff8       0x2a Src/DS1302.o
                0x000000000800bff8                DS1302_Delay
 *fill*         0x000000000800c022        0x2 
 .text.AsciiToBcd
                0x000000000800c024       0x50 Src/DS1302.o
 .text.BcdToAscii
                0x000000000800c074       0x38 Src/DS1302.o
 .text.Ds1302_Gpio_Init
                0x000000000800c0ac       0x5c Src/DS1302.o
                0x000000000800c0ac                Ds1302_Gpio_Init
 .text.Ds1302_sda_input
                0x000000000800c108       0x5c Src/DS1302.o
                0x000000000800c108                Ds1302_sda_input
 .text.Ds1302_sda_output
                0x000000000800c164       0x5c Src/DS1302.o
                0x000000000800c164                Ds1302_sda_output
 .text.DS1302_SetTime
                0x000000000800c1c0       0xa2 Src/DS1302.o
                0x000000000800c1c0                DS1302_SetTime
 *fill*         0x000000000800c262        0x2 
 .text.DS1302_WriteByte
                0x000000000800c264       0x8c Src/DS1302.o
                0x000000000800c264                DS1302_WriteByte
 .text.DS1302_Write
                0x000000000800c2f0       0x68 Src/DS1302.o
                0x000000000800c2f0                DS1302_Write
 .text.DS1302_ReadByte
                0x000000000800c358       0x80 Src/DS1302.o
                0x000000000800c358                DS1302_ReadByte
 .text.DS1302_Read
                0x000000000800c3d8       0x68 Src/DS1302.o
                0x000000000800c3d8                DS1302_Read
 .text.DS1302_ReadTime
                0x000000000800c440       0xe8 Src/DS1302.o
                0x000000000800c440                DS1302_ReadTime
 .text.BSP_SD_Init
                0x000000000800c528       0x4c Src/bsp_driver_sd.o
                0x000000000800c528                BSP_SD_Init
 .text.BSP_SD_ReadBlocks_DMA
                0x000000000800c574       0x34 Src/bsp_driver_sd.o
                0x000000000800c574                BSP_SD_ReadBlocks_DMA
 .text.BSP_SD_WriteBlocks_DMA
                0x000000000800c5a8       0x34 Src/bsp_driver_sd.o
                0x000000000800c5a8                BSP_SD_WriteBlocks_DMA
 .text.BSP_SD_GetCardState
                0x000000000800c5dc       0x20 Src/bsp_driver_sd.o
                0x000000000800c5dc                BSP_SD_GetCardState
 .text.BSP_SD_GetCardInfo
                0x000000000800c5fc       0x1c Src/bsp_driver_sd.o
                0x000000000800c5fc                BSP_SD_GetCardInfo
 .text.HAL_SD_AbortCallback
                0x000000000800c618       0x14 Src/bsp_driver_sd.o
                0x000000000800c618                HAL_SD_AbortCallback
 .text.HAL_SD_TxCpltCallback
                0x000000000800c62c       0x14 Src/bsp_driver_sd.o
                0x000000000800c62c                HAL_SD_TxCpltCallback
 .text.HAL_SD_RxCpltCallback
                0x000000000800c640       0x14 Src/bsp_driver_sd.o
                0x000000000800c640                HAL_SD_RxCpltCallback
 .text.BSP_SD_AbortCallback
                0x000000000800c654        0xe Src/bsp_driver_sd.o
                0x000000000800c654                BSP_SD_AbortCallback
 .text.BSP_SD_IsDetected
                0x000000000800c662       0x1a Src/bsp_driver_sd.o
                0x000000000800c662                BSP_SD_IsDetected
 .text.MX_FATFS_Init
                0x000000000800c67c       0x3c Src/fatfs.o
                0x000000000800c67c                MX_FATFS_Init
 .text.get_fattime
                0x000000000800c6b8       0x10 Src/fatfs.o
                0x000000000800c6b8                get_fattime
 .text.vApplicationGetIdleTaskMemory
                0x000000000800c6c8       0x34 Src/freertos.o
                0x000000000800c6c8                vApplicationGetIdleTaskMemory
 .text.ledGpioInit
                0x000000000800c6fc      0x16c Src/led.o
                0x000000000800c6fc                ledGpioInit
 .text.allLedOn
                0x000000000800c868       0x3c Src/led.o
                0x000000000800c868                allLedOn
 .text.buzzerOn
                0x000000000800c8a4       0x30 Src/led.o
                0x000000000800c8a4                buzzerOn
 .text.buzzerOff
                0x000000000800c8d4       0x18 Src/led.o
                0x000000000800c8d4                buzzerOff
 .text.allLedOff
                0x000000000800c8ec       0x3c Src/led.o
                0x000000000800c8ec                allLedOff
 .text.normal   0x000000000800c928       0x34 Src/led.o
                0x000000000800c928                normal
 .text.HALARM   0x000000000800c95c       0x44 Src/led.o
                0x000000000800c95c                HALARM
 .text.LALARM   0x000000000800c9a0       0x48 Src/led.o
                0x000000000800c9a0                LALARM
 .text.hardWareFault
                0x000000000800c9e8       0x50 Src/led.o
                0x000000000800c9e8                hardWareFault
 .text.powerLedOn
                0x000000000800ca38       0x18 Src/led.o
                0x000000000800ca38                powerLedOn
 .text.powerLedOff
                0x000000000800ca50       0x18 Src/led.o
                0x000000000800ca50                powerLedOff
 .text.powerFault
                0x000000000800ca68       0x30 Src/led.o
                0x000000000800ca68                powerFault
 .text.mainPowerNormal
                0x000000000800ca98       0x18 Src/led.o
                0x000000000800ca98                mainPowerNormal
 .text.bakPowerNormal
                0x000000000800cab0       0x18 Src/led.o
                0x000000000800cab0                bakPowerNormal
 .text.main     0x000000000800cac8       0xe8 Src/main.o
                0x000000000800cac8                main
 .text.SystemClock_Config
                0x000000000800cbb0       0xd4 Src/main.o
                0x000000000800cbb0                SystemClock_Config
 .text.MX_CAN1_Init
                0x000000000800cc84       0xb8 Src/main.o
 .text.CAN1_RX0_IRQHandler
                0x000000000800cd3c       0x14 Src/main.o
                0x000000000800cd3c                CAN1_RX0_IRQHandler
 .text.MX_SDIO_SD_Init
                0x000000000800cd50       0x40 Src/main.o
 .text.MX_USART1_UART_Init
                0x000000000800cd90       0x60 Src/main.o
 .text.MX_USART2_UART_Init
                0x000000000800cdf0       0x64 Src/main.o
 .text.MX_DMA_Init
                0x000000000800ce54       0x50 Src/main.o
 .text.MX_GPIO_Init
                0x000000000800cea4      0x204 Src/main.o
 .text.MX_FSMC_Init
                0x000000000800d0a8       0xfc Src/main.o
 .text.checkSelf
                0x000000000800d1a4       0x62 Src/main.o
                0x000000000800d1a4                checkSelf
 *fill*         0x000000000800d206        0x2 
 .text.StartDefaultTask
                0x000000000800d208      0x140 Src/main.o
                0x000000000800d208                StartDefaultTask
 .text.scanButtonTask
                0x000000000800d348      0x190 Src/main.o
                0x000000000800d348                scanButtonTask
 .text.faultThing
                0x000000000800d4d8      0x1b8 Src/main.o
                0x000000000800d4d8                faultThing
 .text.CANx_SendNormalData
                0x000000000800d690       0xd4 Src/main.o
                0x000000000800d690                CANx_SendNormalData
 .text.HAL_CAN_RxFifo0MsgPendingCallback
                0x000000000800d764      0x1d4 Src/main.o
                0x000000000800d764                HAL_CAN_RxFifo0MsgPendingCallback
 .text.sendCanInfo
                0x000000000800d938      0x114 Src/main.o
                0x000000000800d938                sendCanInfo
 .text.detectPowerFault
                0x000000000800da4c       0x88 Src/main.o
                0x000000000800da4c                detectPowerFault
 .text.addOwnToList
                0x000000000800dad4       0x38 Src/main.o
                0x000000000800dad4                addOwnToList
 .text.canTxAndKeepAlive
                0x000000000800db0c       0x74 Src/main.o
                0x000000000800db0c                canTxAndKeepAlive
 .text.rollDisplay
                0x000000000800db80      0x114 Src/main.o
                0x000000000800db80                rollDisplay
 .text.uartDataSolveAndKeepAlive
                0x000000000800dc94       0x8c Src/main.o
                0x000000000800dc94                uartDataSolveAndKeepAlive
 .text.timeDisplayRefresh
                0x000000000800dd20       0x58 Src/main.o
                0x000000000800dd20                timeDisplayRefresh
 .text.dataGetTask
                0x000000000800dd78       0x80 Src/main.o
                0x000000000800dd78                dataGetTask
 .text.Error_Handler
                0x000000000800ddf8        0xe Src/main.o
                0x000000000800ddf8                Error_Handler
 .text.EXTI3_IRQHandler
                0x000000000800de06        0xe Src/myButton.o
                0x000000000800de06                EXTI3_IRQHandler
 .text.EXTI4_IRQHandler
                0x000000000800de14        0xe Src/myButton.o
                0x000000000800de14                EXTI4_IRQHandler
 .text.EXTI9_5_IRQHandler
                0x000000000800de22       0x30 Src/myButton.o
                0x000000000800de22                EXTI9_5_IRQHandler
 .text.HAL_GPIO_EXTI_Callback
                0x000000000800de52       0x16 Src/myButton.o
                0x000000000800de52                HAL_GPIO_EXTI_Callback
 .text.myPop    0x000000000800de68       0x3c Src/mylcd.o
                0x000000000800de68                myPop
 .text.myPush   0x000000000800dea4       0x3c Src/mylcd.o
                0x000000000800dea4                myPush
 .text.cleanStack
                0x000000000800dee0       0x18 Src/mylcd.o
                0x000000000800dee0                cleanStack
 .text.arrowInfoDisFunc
                0x000000000800def8       0xf4 Src/mylcd.o
                0x000000000800def8                arrowInfoDisFunc
 .text.circleInfoDisFunc
                0x000000000800dfec      0x194 Src/mylcd.o
                0x000000000800dfec                circleInfoDisFunc
 .text.dateInfoDisFunc
                0x000000000800e180      0x258 Src/mylcd.o
                0x000000000800e180                dateInfoDisFunc
 .text.deviceNameInfoDisFunc
                0x000000000800e3d8      0x35c Src/mylcd.o
                0x000000000800e3d8                deviceNameInfoDisFunc
 .text.unitInfoFuncDisFunc
                0x000000000800e734       0x54 Src/mylcd.o
                0x000000000800e734                unitInfoFuncDisFunc
 .text.detectUnitSetPageDisFunc
                0x000000000800e788       0x54 Src/mylcd.o
                0x000000000800e788                detectUnitSetPageDisFunc
 .text.demarcateUnitPageDisFunc
                0x000000000800e7dc       0x50 Src/mylcd.o
                0x000000000800e7dc                demarcateUnitPageDisFunc
 .text.detectValueAreaClean
                0x000000000800e82c       0x38 Src/mylcd.o
                0x000000000800e82c                detectValueAreaClean
 .text.detectValueInfoDisFunc
                0x000000000800e864      0x34c Src/mylcd.o
                0x000000000800e864                detectValueInfoDisFunc
 .text.configPage1InfoDisFunc
                0x000000000800ebb0       0x30 Src/mylcd.o
                0x000000000800ebb0                configPage1InfoDisFunc
 .text.configPage2InfoDisFunc
                0x000000000800ebe0       0x30 Src/mylcd.o
                0x000000000800ebe0                configPage2InfoDisFunc
 .text.otherSetPageInfoDisFunc
                0x000000000800ec10      0x43c Src/mylcd.o
                0x000000000800ec10                otherSetPageInfoDisFunc
 .text.detectSetPageInfoDisFunc
                0x000000000800f04c      0x358 Src/mylcd.o
                0x000000000800f04c                detectSetPageInfoDisFunc
 .text.firstPagebaseInfoDisFunc
                0x000000000800f3a4       0x2c Src/mylcd.o
                0x000000000800f3a4                firstPagebaseInfoDisFunc
 .text.inputPassWordInfoDisFunc
                0x000000000800f3d0       0x70 Src/mylcd.o
                0x000000000800f3d0                inputPassWordInfoDisFunc
 .text.demarcateBaseDisFunc
                0x000000000800f440      0x118 Src/mylcd.o
                0x000000000800f440                demarcateBaseDisFunc
 .text.gb2313WordShow
                0x000000000800f558       0x6e Src/mylcd.o
                0x000000000800f558                gb2313WordShow
 *fill*         0x000000000800f5c6        0x2 
 .text.gb2313NumShow
                0x000000000800f5c8      0x12c Src/mylcd.o
                0x000000000800f5c8                gb2313NumShow
 .text.warnReferBaseDisFunc
                0x000000000800f6f4      0x208 Src/mylcd.o
                0x000000000800f6f4                warnReferBaseDisFunc
 .text.faultBaseDisFunc
                0x000000000800f8fc      0x1c8 Src/mylcd.o
                0x000000000800f8fc                faultBaseDisFunc
 .text.oprateBaseDisFunc
                0x000000000800fac4      0x314 Src/mylcd.o
                0x000000000800fac4                oprateBaseDisFunc
 .text.nullFunc
                0x000000000800fdd8       0x14 Src/mylcd.o
                0x000000000800fdd8                nullFunc
 .text.assignPage
                0x000000000800fdec       0x88 Src/mylcd.o
                0x000000000800fdec                assignPage
 .text.configPage1BackClickFunc
                0x000000000800fe74       0x24 Src/mylcd.o
                0x000000000800fe74                configPage1BackClickFunc
 .text.configPage2BackClickFunc
                0x000000000800fe98       0x24 Src/mylcd.o
                0x000000000800fe98                configPage2BackClickFunc
 .text.biFirstClickFunc
                0x000000000800febc       0x2c Src/mylcd.o
                0x000000000800febc                biFirstClickFunc
 .text.configPage1EnterClickFunc
                0x000000000800fee8       0x60 Src/mylcd.o
                0x000000000800fee8                configPage1EnterClickFunc
 .text.configPage2SureClickFunc
                0x000000000800ff48       0x64 Src/mylcd.o
                0x000000000800ff48                configPage2SureClickFunc
 .text.setFirstClickFunc
                0x000000000800ffac       0x28 Src/mylcd.o
                0x000000000800ffac                setFirstClickFunc
 .text.configPage1TopClickFunc
                0x000000000800ffd4       0x44 Src/mylcd.o
                0x000000000800ffd4                configPage1TopClickFunc
 .text.configPage1BottomClickFunc
                0x0000000008010018       0x4c Src/mylcd.o
                0x0000000008010018                configPage1BottomClickFunc
 .text.configPage2TopClickFunc
                0x0000000008010064       0x4c Src/mylcd.o
                0x0000000008010064                configPage2TopClickFunc
 .text.configPage2BottomClickFunc
                0x00000000080100b0       0x44 Src/mylcd.o
                0x00000000080100b0                configPage2BottomClickFunc
 .text.passwordInputPageBackClickFunc
                0x00000000080100f4       0x4c Src/mylcd.o
                0x00000000080100f4                passwordInputPageBackClickFunc
 .text.referBackClickFunc
                0x0000000008010140       0x60 Src/mylcd.o
                0x0000000008010140                referBackClickFunc
 .text.referPageTopClickFunc
                0x00000000080101a0       0x90 Src/mylcd.o
                0x00000000080101a0                referPageTopClickFunc
 .text.referPageBottomClickFunc
                0x0000000008010230       0x70 Src/mylcd.o
                0x0000000008010230                referPageBottomClickFunc
 .text.demarcatePageTopClickFunc
                0x00000000080102a0       0x6c Src/mylcd.o
                0x00000000080102a0                demarcatePageTopClickFunc
 .text.demarcatePageLeftClickFunc
                0x000000000801030c       0x16 Src/mylcd.o
                0x000000000801030c                demarcatePageLeftClickFunc
 .text.demarcatePageRightClickFunc
                0x0000000008010322       0x16 Src/mylcd.o
                0x0000000008010322                demarcatePageRightClickFunc
 .text.demarcatePageBottomClickFunc
                0x0000000008010338       0x6c Src/mylcd.o
                0x0000000008010338                demarcatePageBottomClickFunc
 .text.demarcateBackClickFunc
                0x00000000080103a4       0x3c Src/mylcd.o
                0x00000000080103a4                demarcateBackClickFunc
 .text.demarcateSureClickFunc
                0x00000000080103e0       0x84 Src/mylcd.o
                0x00000000080103e0                demarcateSureClickFunc
 .text.passwordInputPageSureClickFunc
                0x0000000008010464      0x148 Src/mylcd.o
                0x0000000008010464                passwordInputPageSureClickFunc
 .text.passwordInputPageTopClickFunc
                0x00000000080105ac       0x24 Src/mylcd.o
                0x00000000080105ac                passwordInputPageTopClickFunc
 .text.passwordInputPageBottomClickFunc
                0x00000000080105d0       0x24 Src/mylcd.o
                0x00000000080105d0                passwordInputPageBottomClickFunc
 .text.passwordInputPageLeftClickFunc
                0x00000000080105f4       0x24 Src/mylcd.o
                0x00000000080105f4                passwordInputPageLeftClickFunc
 .text.passwordInputPageRightClickFunc
                0x0000000008010618       0x24 Src/mylcd.o
                0x0000000008010618                passwordInputPageRightClickFunc
 .text.otherSetPageRightClickFunc
                0x000000000801063c       0x3c Src/mylcd.o
                0x000000000801063c                otherSetPageRightClickFunc
 .text.otherSetPageLeftClickFunc
                0x0000000008010678       0x3c Src/mylcd.o
                0x0000000008010678                otherSetPageLeftClickFunc
 .text.otherSetPageTopClickFunc
                0x00000000080106b4      0x198 Src/mylcd.o
                0x00000000080106b4                otherSetPageTopClickFunc
 .text.otherSetPageSureClickFunc
                0x000000000801084c       0x90 Src/mylcd.o
                0x000000000801084c                otherSetPageSureClickFunc
 .text.otherSetPageBackClickFunc
                0x00000000080108dc       0x48 Src/mylcd.o
                0x00000000080108dc                otherSetPageBackClickFunc
 .text.otherSetPageBottomClickFunc
                0x0000000008010924      0x198 Src/mylcd.o
                0x0000000008010924                otherSetPageBottomClickFunc
 .text.detectSetPageTopClickFunc
                0x0000000008010abc       0xb0 Src/mylcd.o
                0x0000000008010abc                detectSetPageTopClickFunc
 .text.detectSetPageBottomClickFunc
                0x0000000008010b6c       0xb0 Src/mylcd.o
                0x0000000008010b6c                detectSetPageBottomClickFunc
 .text.detectSetPageBackClickFunc
                0x0000000008010c1c       0x54 Src/mylcd.o
                0x0000000008010c1c                detectSetPageBackClickFunc
 .text.detectSetPageSureClickFunc
                0x0000000008010c70       0x9c Src/mylcd.o
                0x0000000008010c70                detectSetPageSureClickFunc
 .text.nullButtonFunc
                0x0000000008010d0c       0x14 Src/mylcd.o
                0x0000000008010d0c                nullButtonFunc
 .text.funcBottom
                0x0000000008010d20       0x1e Src/mylcd.o
                0x0000000008010d20                funcBottom
 *fill*         0x0000000008010d3e        0x2 
 .text.funcRight
                0x0000000008010d40       0x60 Src/mylcd.o
                0x0000000008010d40                funcRight
 .text.funcLeft
                0x0000000008010da0       0x60 Src/mylcd.o
                0x0000000008010da0                funcLeft
 .text.funcBack
                0x0000000008010e00       0x48 Src/mylcd.o
                0x0000000008010e00                funcBack
 .text.funcTop  0x0000000008010e48       0x1e Src/mylcd.o
                0x0000000008010e48                funcTop
 *fill*         0x0000000008010e66        0x2 
 .text.lcdWrReg
                0x0000000008010e68       0x28 Src/mylcd.o
                0x0000000008010e68                lcdWrReg
 .text.lcdWrData
                0x0000000008010e90       0x28 Src/mylcd.o
                0x0000000008010e90                lcdWrData
 .text.lcdWrRegData
                0x0000000008010eb8       0x28 Src/mylcd.o
                0x0000000008010eb8                lcdWrRegData
 .text.tftRamColorFill
                0x0000000008010ee0       0x36 Src/mylcd.o
                0x0000000008010ee0                tftRamColorFill
 .text.tftRamWrite
                0x0000000008010f16       0x50 Src/mylcd.o
                0x0000000008010f16                tftRamWrite
 .text.tftRamWriteWord
                0x0000000008010f66       0x3c Src/mylcd.o
                0x0000000008010f66                tftRamWriteWord
 .text.tftRamWriteColorChange
                0x0000000008010fa2       0x68 Src/mylcd.o
                0x0000000008010fa2                tftRamWriteColorChange
 *fill*         0x000000000801100a        0x2 
 .text.lcdReset
                0x000000000801100c       0x3c Src/mylcd.o
                0x000000000801100c                lcdReset
 .text.tftSetWin
                0x0000000008011048       0xb4 Src/mylcd.o
                0x0000000008011048                tftSetWin
 .text.lcdInit  0x00000000080110fc       0x78 Src/mylcd.o
                0x00000000080110fc                lcdInit
 .text.lcdClean
                0x0000000008011174       0x3c Src/mylcd.o
                0x0000000008011174                lcdClean
 .text.recordCheck
                0x00000000080111b0      0x104 Src/record.o
                0x00000000080111b0                recordCheck
 .text.operationRecord
                0x00000000080112b4       0xbc Src/record.o
                0x00000000080112b4                operationRecord
 .text.warnRecord
                0x0000000008011370       0xbc Src/record.o
                0x0000000008011370                warnRecord
 .text.faultRecord
                0x000000000801142c       0xbc Src/record.o
                0x000000000801142c                faultRecord
 .text.fileGetLine
                0x00000000080114e8       0xe8 Src/record.o
                0x00000000080114e8                fileGetLine
 .text.SD_CheckStatusWithTimeout
                0x00000000080115d0       0x3a Src/sd_diskio.o
 *fill*         0x000000000801160a        0x2 
 .text.SD_CheckStatus
                0x000000000801160c       0x3c Src/sd_diskio.o
 .text.SD_initialize
                0x0000000008011648       0x80 Src/sd_diskio.o
                0x0000000008011648                SD_initialize
 .text.SD_status
                0x00000000080116c8       0x1c Src/sd_diskio.o
                0x00000000080116c8                SD_status
 .text.SD_read  0x00000000080116e4      0x114 Src/sd_diskio.o
                0x00000000080116e4                SD_read
 .text.SD_write
                0x00000000080117f8      0x134 Src/sd_diskio.o
                0x00000000080117f8                SD_write
 .text.SD_ioctl
                0x000000000801192c       0xb0 Src/sd_diskio.o
                0x000000000801192c                SD_ioctl
 .text.BSP_SD_WriteCpltCallback
                0x00000000080119dc       0x1c Src/sd_diskio.o
                0x00000000080119dc                BSP_SD_WriteCpltCallback
 .text.BSP_SD_ReadCpltCallback
                0x00000000080119f8       0x1c Src/sd_diskio.o
                0x00000000080119f8                BSP_SD_ReadCpltCallback
 .text.HAL_MspInit
                0x0000000008011a14       0x58 Src/stm32f4xx_hal_msp.o
                0x0000000008011a14                HAL_MspInit
 .text.HAL_CAN_MspInit
                0x0000000008011a6c       0xb4 Src/stm32f4xx_hal_msp.o
                0x0000000008011a6c                HAL_CAN_MspInit
 .text.HAL_SD_MspInit
                0x0000000008011b20      0x1e0 Src/stm32f4xx_hal_msp.o
                0x0000000008011b20                HAL_SD_MspInit
 .text.HAL_UART_MspInit
                0x0000000008011d00      0x118 Src/stm32f4xx_hal_msp.o
                0x0000000008011d00                HAL_UART_MspInit
 .text.HAL_FSMC_MspInit
                0x0000000008011e18       0x98 Src/stm32f4xx_hal_msp.o
 .text.HAL_SRAM_MspInit
                0x0000000008011eb0       0x14 Src/stm32f4xx_hal_msp.o
                0x0000000008011eb0                HAL_SRAM_MspInit
 .text.NMI_Handler
                0x0000000008011ec4        0xe Src/stm32f4xx_it.o
                0x0000000008011ec4                NMI_Handler
 .text.HardFault_Handler
                0x0000000008011ed2        0x6 Src/stm32f4xx_it.o
                0x0000000008011ed2                HardFault_Handler
 .text.MemManage_Handler
                0x0000000008011ed8        0x6 Src/stm32f4xx_it.o
                0x0000000008011ed8                MemManage_Handler
 .text.BusFault_Handler
                0x0000000008011ede        0x6 Src/stm32f4xx_it.o
                0x0000000008011ede                BusFault_Handler
 .text.UsageFault_Handler
                0x0000000008011ee4        0x6 Src/stm32f4xx_it.o
                0x0000000008011ee4                UsageFault_Handler
 .text.DebugMon_Handler
                0x0000000008011eea        0xe Src/stm32f4xx_it.o
                0x0000000008011eea                DebugMon_Handler
 .text.SysTick_Handler
                0x0000000008011ef8       0x1a Src/stm32f4xx_it.o
                0x0000000008011ef8                SysTick_Handler
 *fill*         0x0000000008011f12        0x2 
 .text.USART1_IRQHandler
                0x0000000008011f14       0x14 Src/stm32f4xx_it.o
                0x0000000008011f14                USART1_IRQHandler
 .text.USART2_IRQHandler
                0x0000000008011f28       0x14 Src/stm32f4xx_it.o
                0x0000000008011f28                USART2_IRQHandler
 .text.SDIO_IRQHandler
                0x0000000008011f3c       0x14 Src/stm32f4xx_it.o
                0x0000000008011f3c                SDIO_IRQHandler
 .text.DMA2_Stream3_IRQHandler
                0x0000000008011f50       0x14 Src/stm32f4xx_it.o
                0x0000000008011f50                DMA2_Stream3_IRQHandler
 .text.DMA2_Stream6_IRQHandler
                0x0000000008011f64       0x14 Src/stm32f4xx_it.o
                0x0000000008011f64                DMA2_Stream6_IRQHandler
 .text._sbrk    0x0000000008011f78       0x58 Src/sysmem.o
                0x0000000008011f78                _sbrk
 .text.SystemInit
                0x0000000008011fd0       0x6c Src/system_stm32f4xx.o
                0x0000000008011fd0                SystemInit
 .text.WORDInit
                0x000000000801203c       0x74 Src/wordLib.o
                0x000000000801203c                WORDInit
 .text.send_command_to_ZK
                0x00000000080120b0       0x60 Src/wordLib.o
                0x00000000080120b0                send_command_to_ZK
 .text.ZK_read  0x0000000008012110       0x58 Src/wordLib.o
                0x0000000008012110                ZK_read
 .text.ZK_Read_1_n
                0x0000000008012168       0x80 Src/wordLib.o
                0x0000000008012168                ZK_Read_1_n
 .text.zk_map   0x00000000080121e8      0x10c Src/wordLib.o
                0x00000000080121e8                zk_map
 .text.getGB2312Word
                0x00000000080122f4      0x25c Src/wordLib.o
                0x00000000080122f4                getGB2312Word
 .text.Reset_Handler
                0x0000000008012550       0x50 Startup/startup_stm32f407vetx.o
                0x0000000008012550                Reset_Handler
 .text.Default_Handler
                0x00000000080125a0        0x2 Startup/startup_stm32f407vetx.o
                0x00000000080125a0                RTC_Alarm_IRQHandler
                0x00000000080125a0                HASH_RNG_IRQHandler
                0x00000000080125a0                EXTI2_IRQHandler
                0x00000000080125a0                TIM8_CC_IRQHandler
                0x00000000080125a0                TIM1_CC_IRQHandler
                0x00000000080125a0                DMA2_Stream5_IRQHandler
                0x00000000080125a0                DMA1_Stream5_IRQHandler
                0x00000000080125a0                PVD_IRQHandler
                0x00000000080125a0                TAMP_STAMP_IRQHandler
                0x00000000080125a0                CAN2_RX1_IRQHandler
                0x00000000080125a0                TIM8_TRG_COM_TIM14_IRQHandler
                0x00000000080125a0                TIM1_UP_TIM10_IRQHandler
                0x00000000080125a0                TIM8_UP_TIM13_IRQHandler
                0x00000000080125a0                I2C3_ER_IRQHandler
                0x00000000080125a0                EXTI0_IRQHandler
                0x00000000080125a0                I2C2_EV_IRQHandler
                0x00000000080125a0                DMA1_Stream2_IRQHandler
                0x00000000080125a0                FPU_IRQHandler
                0x00000000080125a0                OTG_HS_WKUP_IRQHandler
                0x00000000080125a0                CAN2_SCE_IRQHandler
                0x00000000080125a0                DMA2_Stream2_IRQHandler
                0x00000000080125a0                SPI1_IRQHandler
                0x00000000080125a0                TIM6_DAC_IRQHandler
                0x00000000080125a0                TIM1_BRK_TIM9_IRQHandler
                0x00000000080125a0                DCMI_IRQHandler
                0x00000000080125a0                CAN2_RX0_IRQHandler
                0x00000000080125a0                USART6_IRQHandler
                0x00000000080125a0                USART3_IRQHandler
                0x00000000080125a0                CAN1_RX1_IRQHandler
                0x00000000080125a0                UART5_IRQHandler
                0x00000000080125a0                DMA2_Stream0_IRQHandler
                0x00000000080125a0                TIM4_IRQHandler
                0x00000000080125a0                I2C1_EV_IRQHandler
                0x00000000080125a0                DMA1_Stream6_IRQHandler
                0x00000000080125a0                DMA1_Stream1_IRQHandler
                0x00000000080125a0                UART4_IRQHandler
                0x00000000080125a0                TIM3_IRQHandler
                0x00000000080125a0                RCC_IRQHandler
                0x00000000080125a0                TIM8_BRK_TIM12_IRQHandler
                0x00000000080125a0                Default_Handler
                0x00000000080125a0                EXTI15_10_IRQHandler
                0x00000000080125a0                ADC_IRQHandler
                0x00000000080125a0                DMA1_Stream7_IRQHandler
                0x00000000080125a0                TIM7_IRQHandler
                0x00000000080125a0                CAN2_TX_IRQHandler
                0x00000000080125a0                TIM5_IRQHandler
                0x00000000080125a0                DMA2_Stream7_IRQHandler
                0x00000000080125a0                I2C3_EV_IRQHandler
                0x00000000080125a0                RTC_WKUP_IRQHandler
                0x00000000080125a0                ETH_WKUP_IRQHandler
                0x00000000080125a0                SPI2_IRQHandler
                0x00000000080125a0                OTG_HS_EP1_IN_IRQHandler
                0x00000000080125a0                DMA1_Stream0_IRQHandler
                0x00000000080125a0                CAN1_TX_IRQHandler
                0x00000000080125a0                FSMC_IRQHandler
                0x00000000080125a0                ETH_IRQHandler
                0x00000000080125a0                OTG_HS_EP1_OUT_IRQHandler
                0x00000000080125a0                WWDG_IRQHandler
                0x00000000080125a0                TIM2_IRQHandler
                0x00000000080125a0                OTG_FS_WKUP_IRQHandler
                0x00000000080125a0                TIM1_TRG_COM_TIM11_IRQHandler
                0x00000000080125a0                OTG_HS_IRQHandler
                0x00000000080125a0                EXTI1_IRQHandler
                0x00000000080125a0                I2C2_ER_IRQHandler
                0x00000000080125a0                DMA2_Stream1_IRQHandler
                0x00000000080125a0                CAN1_SCE_IRQHandler
                0x00000000080125a0                FLASH_IRQHandler
                0x00000000080125a0                DMA2_Stream4_IRQHandler
                0x00000000080125a0                OTG_FS_IRQHandler
                0x00000000080125a0                SPI3_IRQHandler
                0x00000000080125a0                DMA1_Stream4_IRQHandler
                0x00000000080125a0                I2C1_ER_IRQHandler
                0x00000000080125a0                DMA1_Stream3_IRQHandler
 *fill*         0x00000000080125a2        0x2 
 .text.__errno  0x00000000080125a4        0xc c:/st/stm32cubeide_1.0.2/stm32cubeide/plugins/com.st.stm32cube.ide.mcu.externaltools.gnu-tools-for-stm32.7-2018-q2-update.win32_1.0.0.201904181610/tools/bin/../lib/gcc/arm-none-eabi/7.3.1/../../../../arm-none-eabi/lib/thumb/v7e-m/fpv4-sp/hard\libc_nano.a(lib_a-errno.o)
                0x00000000080125a4                __errno
 .text.__libc_init_array
                0x00000000080125b0       0x48 c:/st/stm32cubeide_1.0.2/stm32cubeide/plugins/com.st.stm32cube.ide.mcu.externaltools.gnu-tools-for-stm32.7-2018-q2-update.win32_1.0.0.201904181610/tools/bin/../lib/gcc/arm-none-eabi/7.3.1/../../../../arm-none-eabi/lib/thumb/v7e-m/fpv4-sp/hard\libc_nano.a(lib_a-init.o)
                0x00000000080125b0                __libc_init_array
 .text.memcmp   0x00000000080125f8       0x1e c:/st/stm32cubeide_1.0.2/stm32cubeide/plugins/com.st.stm32cube.ide.mcu.externaltools.gnu-tools-for-stm32.7-2018-q2-update.win32_1.0.0.201904181610/tools/bin/../lib/gcc/arm-none-eabi/7.3.1/../../../../arm-none-eabi/lib/thumb/v7e-m/fpv4-sp/hard\libc_nano.a(lib_a-memcmp.o)
                0x00000000080125f8                memcmp
 .text.memcpy   0x0000000008012616       0x16 c:/st/stm32cubeide_1.0.2/stm32cubeide/plugins/com.st.stm32cube.ide.mcu.externaltools.gnu-tools-for-stm32.7-2018-q2-update.win32_1.0.0.201904181610/tools/bin/../lib/gcc/arm-none-eabi/7.3.1/../../../../arm-none-eabi/lib/thumb/v7e-m/fpv4-sp/hard\libc_nano.a(lib_a-memcpy-stub.o)
                0x0000000008012616                memcpy
 .text.memset   0x000000000801262c       0x10 c:/st/stm32cubeide_1.0.2/stm32cubeide/plugins/com.st.stm32cube.ide.mcu.externaltools.gnu-tools-for-stm32.7-2018-q2-update.win32_1.0.0.201904181610/tools/bin/../lib/gcc/arm-none-eabi/7.3.1/../../../../arm-none-eabi/lib/thumb/v7e-m/fpv4-sp/hard\libc_nano.a(lib_a-memset.o)
                0x000000000801262c                memset
 .text.sprintf  0x000000000801263c       0x40 c:/st/stm32cubeide_1.0.2/stm32cubeide/plugins/com.st.stm32cube.ide.mcu.externaltools.gnu-tools-for-stm32.7-2018-q2-update.win32_1.0.0.201904181610/tools/bin/../lib/gcc/arm-none-eabi/7.3.1/../../../../arm-none-eabi/lib/thumb/v7e-m/fpv4-sp/hard\libc_nano.a(lib_a-sprintf.o)
                0x000000000801263c                siprintf
                0x000000000801263c                sprintf
 .text.__ssputs_r
                0x000000000801267c       0xb4 c:/st/stm32cubeide_1.0.2/stm32cubeide/plugins/com.st.stm32cube.ide.mcu.externaltools.gnu-tools-for-stm32.7-2018-q2-update.win32_1.0.0.201904181610/tools/bin/../lib/gcc/arm-none-eabi/7.3.1/../../../../arm-none-eabi/lib/thumb/v7e-m/fpv4-sp/hard\libc_nano.a(lib_a-nano-svfprintf.o)
                0x000000000801267c                __ssputs_r
 .text._svfprintf_r
                0x0000000008012730      0x1f0 c:/st/stm32cubeide_1.0.2/stm32cubeide/plugins/com.st.stm32cube.ide.mcu.externaltools.gnu-tools-for-stm32.7-2018-q2-update.win32_1.0.0.201904181610/tools/bin/../lib/gcc/arm-none-eabi/7.3.1/../../../../arm-none-eabi/lib/thumb/v7e-m/fpv4-sp/hard\libc_nano.a(lib_a-nano-svfprintf.o)
                0x0000000008012730                _svfiprintf_r
                0x0000000008012730                _svfprintf_r
 .text._printf_common
                0x0000000008012920       0xea c:/st/stm32cubeide_1.0.2/stm32cubeide/plugins/com.st.stm32cube.ide.mcu.externaltools.gnu-tools-for-stm32.7-2018-q2-update.win32_1.0.0.201904181610/tools/bin/../lib/gcc/arm-none-eabi/7.3.1/../../../../arm-none-eabi/lib/thumb/v7e-m/fpv4-sp/hard\libc_nano.a(lib_a-nano-vfprintf_i.o)
                0x0000000008012920                _printf_common
 *fill*         0x0000000008012a0a        0x2 
 .text._printf_i
                0x0000000008012a0c      0x224 c:/st/stm32cubeide_1.0.2/stm32cubeide/plugins/com.st.stm32cube.ide.mcu.externaltools.gnu-tools-for-stm32.7-2018-q2-update.win32_1.0.0.201904181610/tools/bin/../lib/gcc/arm-none-eabi/7.3.1/../../../../arm-none-eabi/lib/thumb/v7e-m/fpv4-sp/hard\libc_nano.a(lib_a-nano-vfprintf_i.o)
                0x0000000008012a0c                _printf_i
 .text.memmove  0x0000000008012c30       0x32 c:/st/stm32cubeide_1.0.2/stm32cubeide/plugins/com.st.stm32cube.ide.mcu.externaltools.gnu-tools-for-stm32.7-2018-q2-update.win32_1.0.0.201904181610/tools/bin/../lib/gcc/arm-none-eabi/7.3.1/../../../../arm-none-eabi/lib/thumb/v7e-m/fpv4-sp/hard\libc_nano.a(lib_a-memmove.o)
                0x0000000008012c30                memmove
 *fill*         0x0000000008012c62        0x2 
 .text._free_r  0x0000000008012c64       0x9c c:/st/stm32cubeide_1.0.2/stm32cubeide/plugins/com.st.stm32cube.ide.mcu.externaltools.gnu-tools-for-stm32.7-2018-q2-update.win32_1.0.0.201904181610/tools/bin/../lib/gcc/arm-none-eabi/7.3.1/../../../../arm-none-eabi/lib/thumb/v7e-m/fpv4-sp/hard\libc_nano.a(lib_a-nano-freer.o)
                0x0000000008012c64                _free_r
 .text._malloc_r
                0x0000000008012d00       0xb4 c:/st/stm32cubeide_1.0.2/stm32cubeide/plugins/com.st.stm32cube.ide.mcu.externaltools.gnu-tools-for-stm32.7-2018-q2-update.win32_1.0.0.201904181610/tools/bin/../lib/gcc/arm-none-eabi/7.3.1/../../../../arm-none-eabi/lib/thumb/v7e-m/fpv4-sp/hard\libc_nano.a(lib_a-nano-mallocr.o)
                0x0000000008012d00                _malloc_r
 .text._realloc_r
                0x0000000008012db4       0x4c c:/st/stm32cubeide_1.0.2/stm32cubeide/plugins/com.st.stm32cube.ide.mcu.externaltools.gnu-tools-for-stm32.7-2018-q2-update.win32_1.0.0.201904181610/tools/bin/../lib/gcc/arm-none-eabi/7.3.1/../../../../arm-none-eabi/lib/thumb/v7e-m/fpv4-sp/hard\libc_nano.a(lib_a-nano-reallocr.o)
                0x0000000008012db4                _realloc_r
 .text._sbrk_r  0x0000000008012e00       0x20 c:/st/stm32cubeide_1.0.2/stm32cubeide/plugins/com.st.stm32cube.ide.mcu.externaltools.gnu-tools-for-stm32.7-2018-q2-update.win32_1.0.0.201904181610/tools/bin/../lib/gcc/arm-none-eabi/7.3.1/../../../../arm-none-eabi/lib/thumb/v7e-m/fpv4-sp/hard\libc_nano.a(lib_a-sbrkr.o)
                0x0000000008012e00                _sbrk_r
 .text.__malloc_lock
                0x0000000008012e20        0x2 c:/st/stm32cubeide_1.0.2/stm32cubeide/plugins/com.st.stm32cube.ide.mcu.externaltools.gnu-tools-for-stm32.7-2018-q2-update.win32_1.0.0.201904181610/tools/bin/../lib/gcc/arm-none-eabi/7.3.1/../../../../arm-none-eabi/lib/thumb/v7e-m/fpv4-sp/hard\libc_nano.a(lib_a-mlock.o)
                0x0000000008012e20                __malloc_lock
 .text.__malloc_unlock