stm32f4xx_hal_uart.c:317:19:HAL_UART_Init	16	static
stm32f4xx_hal_uart.c:392:19:HAL_HalfDuplex_Init	16	static
stm32f4xx_hal_uart.c:465:19:HAL_LIN_Init	16	static
stm32f4xx_hal_uart.c:546:19:HAL_MultiProcessor_Init	24	static
stm32f4xx_hal_uart.c:623:19:HAL_UART_DeInit	16	static
stm32f4xx_hal_uart.c:667:13:HAL_UART_MspInit	16	static
stm32f4xx_hal_uart.c:682:13:HAL_UART_MspDeInit	16	static
stm32f4xx_hal_uart.c:1023:19:HAL_UART_Transmit	40	static
stm32f4xx_hal_uart.c:1108:19:HAL_UART_Receive	40	static
stm32f4xx_hal_uart.c:1196:19:HAL_UART_Transmit_IT	24	static
stm32f4xx_hal_uart.c:1238:19:HAL_UART_Receive_IT	24	static
stm32f4xx_hal_uart.c:1286:19:HAL_UART_Transmit_DMA	32	static
stm32f4xx_hal_uart.c:1351:19:HAL_UART_Receive_DMA	32	static
stm32f4xx_hal_uart.c:1418:19:HAL_UART_DMAPause	24	static
stm32f4xx_hal_uart.c:1455:19:HAL_UART_DMAResume	24	static
stm32f4xx_hal_uart.c:1491:19:HAL_UART_DMAStop	24	static
stm32f4xx_hal_uart.c:1543:19:HAL_UART_Abort	16	static
stm32f4xx_hal_uart.c:1625:19:HAL_UART_AbortTransmit	16	static
stm32f4xx_hal_uart.c:1676:19:HAL_UART_AbortReceive	16	static
stm32f4xx_hal_uart.c:1730:19:HAL_UART_Abort_IT	24	static
stm32f4xx_hal_uart.c:1858:19:HAL_UART_AbortTransmit_IT	16	static
stm32f4xx_hal_uart.c:1935:19:HAL_UART_AbortReceive_IT	16	static
stm32f4xx_hal_uart.c:2005:6:HAL_UART_IRQHandler	40	static
stm32f4xx_hal_uart.c:2151:13:HAL_UART_TxCpltCallback	16	static
stm32f4xx_hal_uart.c:2166:13:HAL_UART_TxHalfCpltCallback	16	static
stm32f4xx_hal_uart.c:2181:13:HAL_UART_RxCpltCallback	16	static
stm32f4xx_hal_uart.c:2196:13:HAL_UART_RxHalfCpltCallback	16	static
stm32f4xx_hal_uart.c:2211:13:HAL_UART_ErrorCallback	16	static
stm32f4xx_hal_uart.c:2225:13:HAL_UART_AbortCpltCallback	16	static
stm32f4xx_hal_uart.c:2240:13:HAL_UART_AbortTransmitCpltCallback	16	static
stm32f4xx_hal_uart.c:2255:13:HAL_UART_AbortReceiveCpltCallback	16	static
stm32f4xx_hal_uart.c:2294:19:HAL_LIN_SendBreak	16	static
stm32f4xx_hal_uart.c:2321:19:HAL_MultiProcessor_EnterMuteMode	16	static
stm32f4xx_hal_uart.c:2348:19:HAL_MultiProcessor_ExitMuteMode	16	static
stm32f4xx_hal_uart.c:2375:19:HAL_HalfDuplex_EnableTransmitter	24	static
stm32f4xx_hal_uart.c:2410:19:HAL_HalfDuplex_EnableReceiver	24	static
stm32f4xx_hal_uart.c:2467:23:HAL_UART_GetState	24	static
stm32f4xx_hal_uart.c:2482:10:HAL_UART_GetError	16	static
stm32f4xx_hal_uart.c:2526:13:UART_DMATransmitCplt	24	static
stm32f4xx_hal_uart.c:2561:13:UART_DMATxHalfCplt	24	static
stm32f4xx_hal_uart.c:2580:13:UART_DMAReceiveCplt	24	static
stm32f4xx_hal_uart.c:2614:13:UART_DMARxHalfCplt	24	static
stm32f4xx_hal_uart.c:2633:13:UART_DMAError	24	static
stm32f4xx_hal_uart.c:2674:26:UART_WaitOnFlagUntilTimeout	24	static
stm32f4xx_hal_uart.c:2706:13:UART_EndTxTransfer	16	static
stm32f4xx_hal_uart.c:2720:13:UART_EndRxTransfer	16	static
stm32f4xx_hal_uart.c:2737:13:UART_DMAAbortOnError	24	static
stm32f4xx_hal_uart.c:2761:13:UART_DMATxAbortCallback	24	static
stm32f4xx_hal_uart.c:2806:13:UART_DMARxAbortCallback	24	static
stm32f4xx_hal_uart.c:2851:13:UART_DMATxOnlyAbortCallback	24	static
stm32f4xx_hal_uart.c:2879:13:UART_DMARxOnlyAbortCallback	24	static
stm32f4xx_hal_uart.c:2904:26:UART_Transmit_IT	24	static
stm32f4xx_hal_uart.c:2951:26:UART_EndTransmit_IT	16	static
stm32f4xx_hal_uart.c:2976:26:UART_Receive_IT	24	static
stm32f4xx_hal_uart.c:3047:13:UART_SetConfig	32	static
