main.c:102:5:main	104	static
main.c:195:6:SystemClock_Config	88	static
main.c:245:13:MX_CAN1_Init	48	static
main.c:297:6:CAN1_RX0_IRQHandler	8	static
main.c:312:13:MX_SDIO_SD_Init	4	static
main.c:342:13:MX_USART1_UART_Init	8	static
main.c:376:13:MX_USART2_UART_Init	8	static
main.c:412:13:MX_DMA_Init	16	static
main.c:433:13:MX_GPIO_Init	56	static
main.c:527:13:MX_FSMC_Init	64	static
main.c:592:6:checkSelf	8	static
main.c:617:6:StartDefaultTask	24	static
main.c:653:6:scanButtonTask	40	static
main.c:689:6:faultThing	16	static
main.c:753:9:CANx_SendNormalData	32	static
main.c:793:6:HAL_CAN_RxFifo0MsgPendingCallback	24	static
main.c:839:6:sendCanInfo	24	static
main.c:878:6:detectPowerFault	8	static
main.c:899:6:addOwnToList	8	static
main.c:906:6:canTxAndKeepAlive	24	static
main.c:914:6:rollDisplay	16	static
main.c:938:6:uartDataSolveAndKeepAlive	16	static
main.c:964:6:timeDisplayRefresh	16	static
main.c:973:6:dataGetTask	24	static
main.c:1000:6:Error_Handler	4	static
