mylcd.c:27:6:myPop	16	static
mylcd.c:38:6:myPush	16	static
mylcd.c:45:6:cleanStack	4	static
mylcd.c:49:6:arrowInfoDisFunc	24	static
mylcd.c:71:6:circleInfoDisFunc	80	static
mylcd.c:127:6:dateInfoDisFunc	48	static
mylcd.c:158:6:deviceNameInfoDisFunc	80	static
mylcd.c:229:6:unitInfoFuncDisFunc	24	static
mylcd.c:239:6:detectUnitSetPageDisFunc	24	static
mylcd.c:248:6:demarcateUnitPageDisFunc	24	static
mylcd.c:258:7:detectValueAreaClean	8	static
mylcd.c:264:6:detectValueInfoDisFunc	48	static
mylcd.c:356:6:configPage1InfoDisFunc	16	static
mylcd.c:361:6:configPage2InfoDisFunc	16	static
mylcd.c:366:6:otherSetPageInfoDisFunc	24	static
mylcd.c:446:6:detectSetPageInfoDisFunc	24	static
mylcd.c:506:6:firstPagebaseInfoDisFunc	16	static
mylcd.c:513:6:firstPageLocationDisFunc	32	static
mylcd.c:523:6:inputPassWordInfoDisFunc	24	static
mylcd.c:534:6:demarcateBaseDisFunc	24	static
mylcd.c:573:6:gb2313WordShow	32	static
mylcd.c:582:6:gb2313NumShow	40	static
mylcd.c:605:6:warnReferBaseDisFunc	48	static
mylcd.c:671:6:faultBaseDisFunc	48	static
mylcd.c:718:6:oprateBaseDisFunc	48	static
mylcd.c:807:6:nullFunc	16	static
mylcd.c:1008:6:assignPage	24	static
mylcd.c:1023:6:configPage1BackClickFunc	16	static
mylcd.c:1031:6:configPage2BackClickFunc	16	static
mylcd.c:1039:6:biFirstClickFunc	16	static
mylcd.c:1048:6:configPage1EnterClickFunc	16	static
mylcd.c:1063:6:configPage2SureClickFunc	16	static
mylcd.c:1081:6:setFirstClickFunc	16	static
mylcd.c:1089:6:configPage1TopClickFunc	16	static
mylcd.c:1099:6:configPage1BottomClickFunc	16	static
mylcd.c:1110:6:configPage2TopClickFunc	16	static
mylcd.c:1121:6:configPage2BottomClickFunc	16	static
mylcd.c:1134:6:passwordInputPageBackClickFunc	16	static
mylcd.c:1147:6:referBackClickFunc	16	static
mylcd.c:1160:6:referPageTopClickFunc	16	static
mylcd.c:1177:6:referPageBottomClickFunc	16	static
mylcd.c:1195:6:demarcatePageTopClickFunc	16	static
mylcd.c:1211:6:demarcatePageLeftClickFunc	16	static
mylcd.c:1215:6:demarcatePageRightClickFunc	16	static
mylcd.c:1219:6:demarcatePageBottomClickFunc	16	static
mylcd.c:1235:6:demarcateBackClickFunc	16	static
mylcd.c:1246:6:demarcateSureClickFunc	16	static
mylcd.c:1270:6:passwordInputPageSureClickFunc	64	static
mylcd.c:1293:6:passwordInputPageTopClickFunc	16	static
mylcd.c:1299:6:passwordInputPageBottomClickFunc	16	static
mylcd.c:1305:6:passwordInputPageLeftClickFunc	16	static
mylcd.c:1311:6:passwordInputPageRightClickFunc	16	static
mylcd.c:1318:6:otherSetPageRightClickFunc	16	static
mylcd.c:1326:6:otherSetPageLeftClickFunc	16	static
mylcd.c:1333:6:otherSetPageTopClickFunc	16	static
mylcd.c:1374:6:otherSetPageSureClickFunc	16	static
mylcd.c:1397:6:otherSetPageBackClickFunc	16	static
mylcd.c:1411:6:otherSetPageBottomClickFunc	16	static
mylcd.c:1454:6:detectSetPageTopClickFunc	16	static
mylcd.c:1487:6:detectSetPageBottomClickFunc	16	static
mylcd.c:1519:6:detectSetPageLeftClickFunc	16	static
mylcd.c:1526:6:detectSetPageRightClickFunc	16	static
mylcd.c:1533:6:detectSetPageBackClickFunc	16	static
mylcd.c:1550:6:detectSetPageSureClickFunc	16	static
mylcd.c:1574:6:nullButtonFunc	16	static
mylcd.c:1581:6:funcBottom	16	static
mylcd.c:1596:6:funcRight	16	static
mylcd.c:1609:6:funcLeft	16	static
mylcd.c:1622:6:funcBack	16	static
mylcd.c:1633:6:funcTop	16	static
mylcd.c:1768:6:lcdWrReg	16	static
mylcd.c:1773:6:lcdWrData	16	static
mylcd.c:1778:6:lcdWrRegData	16	static
mylcd.c:1783:6:tftRamColorFill	24	static
mylcd.c:1790:6:tftRamWrite	24	static
mylcd.c:1796:6:tftRamWriteWord	24	static
mylcd.c:1803:6:tftRamWriteColorChange	32	static
mylcd.c:1814:6:lcdReset	8	static
mylcd.c:1822:6:tftSetWin	80	static
mylcd.c:1836:6:lcdInit	280	static
mylcd.c:1855:6:lcdClean	24	static
