stm32f4xx_hal_msp.c:67:6:HAL_MspInit	16	static
stm32f4xx_hal_msp.c:92:6:HAL_CAN_MspInit	48	static
stm32f4xx_hal_msp.c:131:6:HAL_CAN_MspDeInit	16	static
stm32f4xx_hal_msp.c:160:6:HAL_SD_MspInit	48	static
stm32f4xx_hal_msp.c:255:6:HAL_SD_MspDeInit	16	static
stm32f4xx_hal_msp.c:297:6:HAL_SPI_MspInit	48	static
stm32f4xx_hal_msp.c:335:6:HAL_SPI_MspDeInit	16	static
stm32f4xx_hal_msp.c:366:6:HAL_UART_MspInit	56	static
stm32f4xx_hal_msp.c:432:6:HAL_UART_MspDeInit	16	static
stm32f4xx_hal_msp.c:479:13:HAL_FSMC_MspInit	32	static
stm32f4xx_hal_msp.c:536:6:HAL_SRAM_MspInit	16	static
stm32f4xx_hal_msp.c:548:13:HAL_FSMC_MspDeInit	8	static
stm32f4xx_hal_msp.c:594:6:HAL_SRAM_MspDeInit	16	static
